Archive member included to satisfy reference by file (symbol)

c:/users/mika/programmieren/mounriver/mounriver_studio/toolchain/risc-v embedded gcc/bin/../lib/gcc/riscv-none-embed/8.2.0/rv32ecxw/ilp32e\libgcc.a(save-restore.o)
                              ./User/main.o (__riscv_save_2)
c:/users/mika/programmieren/mounriver/mounriver_studio/toolchain/risc-v embedded gcc/bin/../lib/gcc/riscv-none-embed/8.2.0/rv32ecxw/ilp32e\libgcc.a(muldi3.o)
                              ./Debug/debug.o (__mulsi3)
c:/users/mika/programmieren/mounriver/mounriver_studio/toolchain/risc-v embedded gcc/bin/../lib/gcc/riscv-none-embed/8.2.0/rv32ecxw/ilp32e\libgcc.a(div.o)
                              ./Peripheral/src/ch32v00x_usart.o (__divsi3)
c:/users/mika/programmieren/mounriver/mounriver_studio/toolchain/risc-v embedded gcc/bin/../lib/gcc/riscv-none-embed/8.2.0/../../../../riscv-none-embed/lib/rv32ecxw/ilp32e\libg_nano.a(lib_a-atexit.o)
                              ./Startup/startup_ch32v00x.o (atexit)
c:/users/mika/programmieren/mounriver/mounriver_studio/toolchain/risc-v embedded gcc/bin/../lib/gcc/riscv-none-embed/8.2.0/../../../../riscv-none-embed/lib/rv32ecxw/ilp32e\libg_nano.a(lib_a-fini.o)
                              ./Startup/startup_ch32v00x.o (__libc_fini_array)
c:/users/mika/programmieren/mounriver/mounriver_studio/toolchain/risc-v embedded gcc/bin/../lib/gcc/riscv-none-embed/8.2.0/../../../../riscv-none-embed/lib/rv32ecxw/ilp32e\libg_nano.a(lib_a-init.o)
                              ./Startup/startup_ch32v00x.o (__libc_init_array)
c:/users/mika/programmieren/mounriver/mounriver_studio/toolchain/risc-v embedded gcc/bin/../lib/gcc/riscv-none-embed/8.2.0/../../../../riscv-none-embed/lib/rv32ecxw/ilp32e\libg_nano.a(lib_a-printf.o)
                              ./User/main.o (printf)
c:/users/mika/programmieren/mounriver/mounriver_studio/toolchain/risc-v embedded gcc/bin/../lib/gcc/riscv-none-embed/8.2.0/../../../../riscv-none-embed/lib/rv32ecxw/ilp32e\libg_nano.a(lib_a-__atexit.o)
                              c:/users/mika/programmieren/mounriver/mounriver_studio/toolchain/risc-v embedded gcc/bin/../lib/gcc/riscv-none-embed/8.2.0/../../../../riscv-none-embed/lib/rv32ecxw/ilp32e\libg_nano.a(lib_a-atexit.o) (__register_exitproc)
c:/users/mika/programmieren/mounriver/mounriver_studio/toolchain/risc-v embedded gcc/bin/../lib/gcc/riscv-none-embed/8.2.0/../../../../riscv-none-embed/lib/rv32ecxw/ilp32e\libg_nano.a(lib_a-__call_atexit.o)
                              c:/users/mika/programmieren/mounriver/mounriver_studio/toolchain/risc-v embedded gcc/bin/../lib/gcc/riscv-none-embed/8.2.0/../../../../riscv-none-embed/lib/rv32ecxw/ilp32e\libg_nano.a(lib_a-__atexit.o) (__call_exitprocs)
c:/users/mika/programmieren/mounriver/mounriver_studio/toolchain/risc-v embedded gcc/bin/../lib/gcc/riscv-none-embed/8.2.0/../../../../riscv-none-embed/lib/rv32ecxw/ilp32e\libg_nano.a(lib_a-findfp.o)
                              c:/users/mika/programmieren/mounriver/mounriver_studio/toolchain/risc-v embedded gcc/bin/../lib/gcc/riscv-none-embed/8.2.0/../../../../riscv-none-embed/lib/rv32ecxw/ilp32e\libg_nano.a(lib_a-printf.o) (__sinit)
c:/users/mika/programmieren/mounriver/mounriver_studio/toolchain/risc-v embedded gcc/bin/../lib/gcc/riscv-none-embed/8.2.0/../../../../riscv-none-embed/lib/rv32ecxw/ilp32e\libg_nano.a(lib_a-fwalk.o)
                              c:/users/mika/programmieren/mounriver/mounriver_studio/toolchain/risc-v embedded gcc/bin/../lib/gcc/riscv-none-embed/8.2.0/../../../../riscv-none-embed/lib/rv32ecxw/ilp32e\libg_nano.a(lib_a-findfp.o) (_fwalk)
c:/users/mika/programmieren/mounriver/mounriver_studio/toolchain/risc-v embedded gcc/bin/../lib/gcc/riscv-none-embed/8.2.0/../../../../riscv-none-embed/lib/rv32ecxw/ilp32e\libg_nano.a(lib_a-impure.o)
                              c:/users/mika/programmieren/mounriver/mounriver_studio/toolchain/risc-v embedded gcc/bin/../lib/gcc/riscv-none-embed/8.2.0/../../../../riscv-none-embed/lib/rv32ecxw/ilp32e\libg_nano.a(lib_a-findfp.o) (_global_impure_ptr)
c:/users/mika/programmieren/mounriver/mounriver_studio/toolchain/risc-v embedded gcc/bin/../lib/gcc/riscv-none-embed/8.2.0/../../../../riscv-none-embed/lib/rv32ecxw/ilp32e\libg_nano.a(lib_a-memset.o)
                              c:/users/mika/programmieren/mounriver/mounriver_studio/toolchain/risc-v embedded gcc/bin/../lib/gcc/riscv-none-embed/8.2.0/../../../../riscv-none-embed/lib/rv32ecxw/ilp32e\libg_nano.a(lib_a-findfp.o) (memset)
c:/users/mika/programmieren/mounriver/mounriver_studio/toolchain/risc-v embedded gcc/bin/../lib/gcc/riscv-none-embed/8.2.0/../../../../riscv-none-embed/lib/rv32ecxw/ilp32e\libg_nano.a(lib_a-nano-mallocr.o)
                              c:/users/mika/programmieren/mounriver/mounriver_studio/toolchain/risc-v embedded gcc/bin/../lib/gcc/riscv-none-embed/8.2.0/../../../../riscv-none-embed/lib/rv32ecxw/ilp32e\libg_nano.a(lib_a-findfp.o) (_malloc_r)
[...]
Memory Configuration

Name             Origin             Length             Attributes
FLASH            0x0000000000000000 0x0000000000004000 xr
RAM              0x0000000020000000 0x0000000000000800 xrw
*default*        0x0000000000000000 0xffffffffffffffff

Linker script and memory map

LOAD ./User/ch32v00x_it.o
LOAD ./User/main.o
LOAD ./User/system_ch32v00x.o
LOAD ./Startup/startup_ch32v00x.o
LOAD ./Peripheral/src/ch32v00x_adc.o
LOAD ./Peripheral/src/ch32v00x_dbgmcu.o
LOAD ./Peripheral/src/ch32v00x_dma.o
LOAD ./Peripheral/src/ch32v00x_exti.o
LOAD ./Peripheral/src/ch32v00x_flash.o
LOAD ./Peripheral/src/ch32v00x_gpio.o
LOAD ./Peripheral/src/ch32v00x_i2c.o
LOAD ./Peripheral/src/ch32v00x_iwdg.o
LOAD ./Peripheral/src/ch32v00x_misc.o
LOAD ./Peripheral/src/ch32v00x_opa.o
LOAD ./Peripheral/src/ch32v00x_pwr.o
LOAD ./Peripheral/src/ch32v00x_rcc.o
LOAD ./Peripheral/src/ch32v00x_spi.o
LOAD ./Peripheral/src/ch32v00x_tim.o
LOAD ./Peripheral/src/ch32v00x_usart.o
LOAD ./Peripheral/src/ch32v00x_wwdg.o
LOAD ./Debug/debug.o
LOAD ./Core/core_riscv.o
LOAD c:/users/mika/programmieren/mounriver/mounriver_studio/toolchain/risc-v embedded gcc/bin/../lib/gcc/riscv-none-embed/8.2.0/../../../../riscv-none-embed/lib/rv32ecxw/ilp32e\libstdc++_nano.a
LOAD c:/users/mika/programmieren/mounriver/mounriver_studio/toolchain/risc-v embedded gcc/bin/../lib/gcc/riscv-none-embed/8.2.0/../../../../riscv-none-embed/lib/rv32ecxw/ilp32e\libm.a
LOAD c:/users/mika/programmieren/mounriver/mounriver_studio/toolchain/risc-v embedded gcc/bin/../lib/gcc/riscv-none-embed/8.2.0/rv32ecxw/ilp32e\libgcc.a
LOAD c:/users/mika/programmieren/mounriver/mounriver_studio/toolchain/risc-v embedded gcc/bin/../lib/gcc/riscv-none-embed/8.2.0/../../../../riscv-none-embed/lib/rv32ecxw/ilp32e\libg_nano.a
LOAD c:/users/mika/programmieren/mounriver/mounriver_studio/toolchain/risc-v embedded gcc/bin/../lib/gcc/riscv-none-embed/8.2.0/../../../../riscv-none-embed/lib/rv32ecxw/ilp32e\libc_nano.a
LOAD c:/users/mika/programmieren/mounriver/mounriver_studio/toolchain/risc-v embedded gcc/bin/../lib/gcc/riscv-none-embed/8.2.0/rv32ecxw/ilp32e\libgcc.a
START GROUP
LOAD c:/users/mika/programmieren/mounriver/mounriver_studio/toolchain/risc-v embedded gcc/bin/../lib/gcc/riscv-none-embed/8.2.0/rv32ecxw/ilp32e\libgcc.a
LOAD c:/users/mika/programmieren/mounriver/mounriver_studio/toolchain/risc-v embedded gcc/bin/../lib/gcc/riscv-none-embed/8.2.0/../../../../riscv-none-embed/lib/rv32ecxw/ilp32e\libc_nano.a
LOAD c:/users/mika/programmieren/mounriver/mounriver_studio/toolchain/risc-v embedded gcc/bin/../lib/gcc/riscv-none-embed/8.2.0/../../../../riscv-none-embed/lib/rv32ecxw/ilp32e\libnosys.a
END GROUP
START GROUP
LOAD c:/users/mika/programmieren/mounriver/mounriver_studio/toolchain/risc-v embedded gcc/bin/../lib/gcc/riscv-none-embed/8.2.0/rv32ecxw/ilp32e\libgcc.a
LOAD c:/users/mika/programmieren/mounriver/mounriver_studio/toolchain/risc-v embedded gcc/bin/../lib/gcc/riscv-none-embed/8.2.0/../../../../riscv-none-embed/lib/rv32ecxw/ilp32e\libc_nano.a
LOAD c:/users/mika/programmieren/mounriver/mounriver_studio/toolchain/risc-v embedded gcc/bin/../lib/gcc/riscv-none-embed/8.2.0/../../../../riscv-none-embed/lib/rv32ecxw/ilp32e\libnosys.a
END GROUP
                0x0000000000000100                __stack_size = 0x100
                [!provide]                        PROVIDE (_stack_size = __stack_size)

.init           0x0000000000000000       0xa0
                0x0000000000000000                _sinit = .
                0x0000000000000000                . = ALIGN (0x4)
 *(SORT_NONE(.init))
 .init          0x0000000000000000       0x9e ./Startup/startup_ch32v00x.o
                0x0000000000000000                _start
                0x00000000000000a0                . = ALIGN (0x4)
 *fill*         0x000000000000009e        0x2 
                0x00000000000000a0                _einit = .

.text           0x00000000000000a0     0x1b10
                0x00000000000000a0                . = ALIGN (0x4)
 *(.text)
 .text          0x00000000000000a0       0x14 c:/users/mika/programmieren/mounriver/mounriver_studio/toolchain/risc-v embedded gcc/bin/../lib/gcc/riscv-none-embed/8.2.0/rv32ecxw/ilp32e\libgcc.a(save-restore.o)
                0x00000000000000a0                __riscv_save_1
                0x00000000000000a0                __riscv_save_2
                0x00000000000000a0                __riscv_save_0
                0x00000000000000aa                __riscv_restore_0
                0x00000000000000aa                __riscv_restore_1
                0x00000000000000aa                __riscv_restore_2
 .text          0x00000000000000b4       0x16 c:/users/mika/programmieren/mounriver/mounriver_studio/toolchain/risc-v embedded gcc/bin/../lib/gcc/riscv-none-embed/8.2.0/rv32ecxw/ilp32e\libgcc.a(muldi3.o)
                0x00000000000000b4                __mulsi3
 *fill*         0x00000000000000ca        0x2 
 .text          0x00000000000000cc       0x7e c:/users/mika/programmieren/mounriver/mounriver_studio/toolchain/risc-v embedded gcc/bin/../lib/gcc/riscv-none-embed/8.2.0/rv32ecxw/ilp32e\libgcc.a(div.o)
                0x00000000000000cc                __divsi3
                0x00000000000000d4                __udivsi3
                0x0000000000000100                __umodsi3
                0x0000000000000124                __modsi3
 .text          0x000000000000014a       0xa8 c:/users/mika/programmieren/mounriver/mounriver_studio/toolchain/risc-v embedded gcc/bin/../lib/gcc/riscv-none-embed/8.2.0/../../../../riscv-none-embed/lib/rv32ecxw/ilp32e\libg_nano.a(lib_a-memset.o)
                0x000000000000014a                memset
 *(.text.*)
 .text.NMI_Handler
                0x00000000000001f2        0x4 ./User/ch32v00x_it.o
                0x00000000000001f2                NMI_Handler
 .text.HardFault_Handler
                0x00000000000001f6        0x2 ./User/ch32v00x_it.o
                0x00000000000001f6                HardFault_Handler
 .text._Z11MYGPIO_INIT6MYGPIO16GPIOMode_TypeDef
                0x00000000000001f8       0x72 ./User/main.o
                0x00000000000001f8                MYGPIO_INIT(MYGPIO, GPIOMode_TypeDef)
 .text._Z15MYGPIO_WriteBit6MYGPIO9BitAction
                0x000000000000026a       0x48 ./User/main.o
                0x000000000000026a                MYGPIO_WriteBit(MYGPIO, BitAction)
 .text.startup.main
                0x00000000000002b2       0x58 ./User/main.o
                0x00000000000002b2                main
 .text.SystemInit
                0x000000000000030a       0xfe ./User/system_ch32v00x.o
                0x000000000000030a                SystemInit
 .text.vector_handler
                0x0000000000000408       0x36 ./Startup/startup_ch32v00x.o
                0x000000000000040c                SysTick_Handler
                0x000000000000040e                SW_Handler
                0x0000000000000410                WWDG_IRQHandler
                0x0000000000000412                PVD_IRQHandler
                0x0000000000000414                FLASH_IRQHandler
                0x0000000000000416                RCC_IRQHandler
                0x0000000000000418                EXTI7_0_IRQHandler
                0x000000000000041a                AWU_IRQHandler
                0x000000000000041c                DMA1_Channel1_IRQHandler
                0x000000000000041e                DMA1_Channel2_IRQHandler
                0x0000000000000420                DMA1_Channel3_IRQHandler
                0x0000000000000422                DMA1_Channel4_IRQHandler
                0x0000000000000424                DMA1_Channel5_IRQHandler
                0x0000000000000426                DMA1_Channel6_IRQHandler
                0x0000000000000428                DMA1_Channel7_IRQHandler
                0x000000000000042a                ADC1_IRQHandler
                0x000000000000042c                I2C1_EV_IRQHandler
                0x000000000000042e                I2C1_ER_IRQHandler
                0x0000000000000430                USART1_IRQHandler
                0x0000000000000432                SPI1_IRQHandler
                0x0000000000000434                TIM1_BRK_IRQHandler
                0x0000000000000436                TIM1_UP_IRQHandler
                0x0000000000000438                TIM1_TRG_COM_IRQHandler
                0x000000000000043a                TIM1_CC_IRQHandler
                0x000000000000043c                TIM2_IRQHandler
 .text.handle_reset
                0x000000000000043e       0x88 ./Startup/startup_ch32v00x.o
                0x000000000000043e                handle_reset
 .text.GPIO_Init
                0x00000000000004c6       0xd6 ./Peripheral/src/ch32v00x_gpio.o
                0x00000000000004c6                GPIO_Init
 .text.GPIO_WriteBit
                0x000000000000059c        0xa ./Peripheral/src/ch32v00x_gpio.o
                0x000000000000059c                GPIO_WriteBit
 .text.NVIC_PriorityGroupConfig
                0x00000000000005a6        0x6 ./Peripheral/src/ch32v00x_misc.o
                0x00000000000005a6                NVIC_PriorityGroupConfig
 .text.RCC_GetClocksFreq
                0x00000000000005ac       0x96 ./Peripheral/src/ch32v00x_rcc.o
                0x00000000000005ac                RCC_GetClocksFreq
 .text.RCC_APB2PeriphClockCmd
                0x0000000000000642       0x1e ./Peripheral/src/ch32v00x_rcc.o
                0x0000000000000642                RCC_APB2PeriphClockCmd
 .text.USART_Init
                0x0000000000000660       0xc0 ./Peripheral/src/ch32v00x_usart.o
                0x0000000000000660                USART_Init
 .text.USART_Cmd
                0x0000000000000720       0x16 ./Peripheral/src/ch32v00x_usart.o
                0x0000000000000720                USART_Cmd
 .text.USART_SendData
                0x0000000000000736        0x8 ./Peripheral/src/ch32v00x_usart.o
                0x0000000000000736                USART_SendData
 .text.USART_GetFlagStatus
                0x000000000000073e        0xa ./Peripheral/src/ch32v00x_usart.o
                0x000000000000073e                USART_GetFlagStatus
 .text.Delay_Init
                0x0000000000000748       0x30 ./Debug/debug.o
                0x0000000000000748                Delay_Init
 .text.Delay_Ms
                0x0000000000000778       0x36 ./Debug/debug.o
                0x0000000000000778                Delay_Ms
 .text.USART_Printf_Init
                0x00000000000007ae       0x54 ./Debug/debug.o
                0x00000000000007ae                USART_Printf_Init
 .text._write   0x0000000000000802       0x4c ./Debug/debug.o
                0x0000000000000802                _write
 .text._sbrk    0x000000000000084e       0x26 ./Debug/debug.o
                0x000000000000084e                _sbrk
 .text._fini    0x0000000000000874        0x2 ./Debug/debug.o
                0x0000000000000874                _fini
 .text._init    0x0000000000000876        0x2 ./Debug/debug.o
                0x0000000000000876                _init
 .text.atexit   0x0000000000000878        0xa c:/users/mika/programmieren/mounriver/mounriver_studio/toolchain/risc-v embedded gcc/bin/../lib/gcc/riscv-none-embed/8.2.0/../../../../riscv-none-embed/lib/rv32ecxw/ilp32e\libg_nano.a(lib_a-atexit.o)
                0x0000000000000878                atexit
 .text.__libc_fini_array
                0x0000000000000882       0x38 c:/users/mika/programmieren/mounriver/mounriver_studio/toolchain/risc-v embedded gcc/bin/../lib/gcc/riscv-none-embed/8.2.0/../../../../riscv-none-embed/lib/rv32ecxw/ilp32e\libg_nano.a(lib_a-fini.o)
                0x0000000000000882                __libc_fini_array
 .text.__libc_init_array
                0x00000000000008ba       0x74 c:/users/mika/programmieren/mounriver/mounriver_studio/toolchain/risc-v embedded gcc/bin/../lib/gcc/riscv-none-embed/8.2.0/../../../../riscv-none-embed/lib/rv32ecxw/ilp32e\libg_nano.a(lib_a-init.o)
                0x00000000000008ba                __libc_init_array
 .text.printf   0x000000000000092e       0x42 c:/users/mika/programmieren/mounriver/mounriver_studio/toolchain/risc-v embedded gcc/bin/../lib/gcc/riscv-none-embed/8.2.0/../../../../riscv-none-embed/lib/rv32ecxw/ilp32e\libg_nano.a(lib_a-printf.o)
                0x000000000000092e                iprintf
                0x000000000000092e                printf
 .text.__register_exitproc
                0x0000000000000970       0x82 c:/users/mika/programmieren/mounriver/mounriver_studio/toolchain/risc-v embedded gcc/bin/../lib/gcc/riscv-none-embed/8.2.0/../../../../riscv-none-embed/lib/rv32ecxw/ilp32e\libg_nano.a(lib_a-__atexit.o)
                0x0000000000000970                __register_exitproc
 .text.startup.register_fini
                0x00000000000009f2       0x16 c:/users/mika/programmieren/mounriver/mounriver_studio/toolchain/risc-v embedded gcc/bin/../lib/gcc/riscv-none-embed/8.2.0/../../../../riscv-none-embed/lib/rv32ecxw/ilp32e\libg_nano.a(lib_a-__call_atexit.o)
 .text.std      0x0000000000000a08       0x66 c:/users/mika/programmieren/mounriver/mounriver_studio/toolchain/risc-v embedded gcc/bin/../lib/gcc/riscv-none-embed/8.2.0/../../../../riscv-none-embed/lib/rv32ecxw/ilp32e\libg_nano.a(lib_a-findfp.o)
 .text._cleanup_r
                0x0000000000000a6e        0xa c:/users/mika/programmieren/mounriver/mounriver_studio/toolchain/risc-v embedded gcc/bin/../lib/gcc/riscv-none-embed/8.2.0/../../../../riscv-none-embed/lib/rv32ecxw/ilp32e\libg_nano.a(lib_a-findfp.o)
                0x0000000000000a6e                _cleanup_r
 .text.__sfmoreglue
                0x0000000000000a78       0x48 c:/users/mika/programmieren/mounriver/mounriver_studio/toolchain/risc-v embedded gcc/bin/../lib/gcc/riscv-none-embed/8.2.0/../../../../riscv-none-embed/lib/rv32ecxw/ilp32e\libg_nano.a(lib_a-findfp.o)
                0x0000000000000a78                __sfmoreglue
 .text.__sinit  0x0000000000000ac0       0x6a c:/users/mika/programmieren/mounriver/mounriver_studio/toolchain/risc-v embedded gcc/bin/../lib/gcc/riscv-none-embed/8.2.0/../../../../riscv-none-embed/lib/rv32ecxw/ilp32e\libg_nano.a(lib_a-findfp.o)
                0x0000000000000ac0                __sinit
 .text.__sfp    0x0000000000000b2a       0x9e c:/users/mika/programmieren/mounriver/mounriver_studio/toolchain/risc-v embedded gcc/bin/../lib/gcc/riscv-none-embed/8.2.0/../../../../riscv-none-embed/lib/rv32ecxw/ilp32e\libg_nano.a(lib_a-findfp.o)
                0x0000000000000b2a                __sfp
 .text._fwalk_reent
                0x0000000000000bc8       0x5e c:/users/mika/programmieren/mounriver/mounriver_studio/toolchain/risc-v embedded gcc/bin/../lib/gcc/riscv-none-embed/8.2.0/../../../../riscv-none-embed/lib/rv32ecxw/ilp32e\libg_nano.a(lib_a-fwalk.o)
                0x0000000000000bc8                _fwalk_reent
 .text._malloc_r
                0x0000000000000c26       0xda c:/users/mika/programmieren/mounriver/mounriver_studio/toolchain/risc-v embedded gcc/bin/../lib/gcc/riscv-none-embed/8.2.0/../../../../riscv-none-embed/lib/rv32ecxw/ilp32e\libg_nano.a(lib_a-nano-mallocr.o)
                0x0000000000000c26                _malloc_r
 .text.__sfputc_r
                0x0000000000000d00       0x28 c:/users/mika/programmieren/mounriver/mounriver_studio/toolchain/risc-v embedded gcc/bin/../lib/gcc/riscv-none-embed/8.2.0/../../../../riscv-none-embed/lib/rv32ecxw/ilp32e\libg_nano.a(lib_a-nano-vfprintf.o)
 .text.__sfputs_r
                0x0000000000000d28       0x3c c:/users/mika/programmieren/mounriver/mounriver_studio/toolchain/risc-v embedded gcc/bin/../lib/gcc/riscv-none-embed/8.2.0/../../../../riscv-none-embed/lib/rv32ecxw/ilp32e\libg_nano.a(lib_a-nano-vfprintf.o)
                0x0000000000000d28                __sfputs_r
 .text._vfprintf_r
                0x0000000000000d64      0x2a8 c:/users/mika/programmieren/mounriver/mounriver_studio/toolchain/risc-v embedded gcc/bin/../lib/gcc/riscv-none-embed/8.2.0/../../../../riscv-none-embed/lib/rv32ecxw/ilp32e\libg_nano.a(lib_a-nano-vfprintf.o)
                0x0000000000000d64                _vfprintf_r
                0x0000000000000d64                _vfiprintf_r
 .text._printf_common
                0x000000000000100c      0x12c c:/users/mika/programmieren/mounriver/mounriver_studio/toolchain/risc-v embedded gcc/bin/../lib/gcc/riscv-none-embed/8.2.0/../../../../riscv-none-embed/lib/rv32ecxw/ilp32e\libg_nano.a(lib_a-nano-vfprintf_i.o)
                0x000000000000100c                _printf_common
 .text._printf_i
                0x0000000000001138      0x2ba c:/users/mika/programmieren/mounriver/mounriver_studio/toolchain/risc-v embedded gcc/bin/../lib/gcc/riscv-none-embed/8.2.0/../../../../riscv-none-embed/lib/rv32ecxw/ilp32e\libg_nano.a(lib_a-nano-vfprintf_i.o)
                0x0000000000001138                _printf_i
 .text._sbrk_r  0x00000000000013f2       0x2a c:/users/mika/programmieren/mounriver/mounriver_studio/toolchain/risc-v embedded gcc/bin/../lib/gcc/riscv-none-embed/8.2.0/../../../../riscv-none-embed/lib/rv32ecxw/ilp32e\libg_nano.a(lib_a-sbrkr.o)
                0x00000000000013f2                _sbrk_r
 .text.__sread  0x000000000000141c       0x2c c:/users/mika/programmieren/mounriver/mounriver_studio/toolchain/risc-v embedded gcc/bin/../lib/gcc/riscv-none-embed/8.2.0/../../../../riscv-none-embed/lib/rv32ecxw/ilp32e\libg_nano.a(lib_a-stdio.o)
                0x000000000000141c                __sread
 .text.__swrite
                0x0000000000001448       0x48 c:/users/mika/programmieren/mounriver/mounriver_studio/toolchain/risc-v embedded gcc/bin/../lib/gcc/riscv-none-embed/8.2.0/../../../../riscv-none-embed/lib/rv32ecxw/ilp32e\libg_nano.a(lib_a-stdio.o)
                0x0000000000001448                __swrite
 .text.__sseek  0x0000000000001490       0x30 c:/users/mika/programmieren/mounriver/mounriver_studio/toolchain/risc-v embedded gcc/bin/../lib/gcc/riscv-none-embed/8.2.0/../../../../riscv-none-embed/lib/rv32ecxw/ilp32e\libg_nano.a(lib_a-stdio.o)
                0x0000000000001490                __sseek
 .text.__sclose
                0x00000000000014c0        0x6 c:/users/mika/programmieren/mounriver/mounriver_studio/toolchain/risc-v embedded gcc/bin/../lib/gcc/riscv-none-embed/8.2.0/../../../../riscv-none-embed/lib/rv32ecxw/ilp32e\libg_nano.a(lib_a-stdio.o)
                0x00000000000014c0                __sclose
 .text.__swbuf_r
                0x00000000000014c6       0xc4 c:/users/mika/programmieren/mounriver/mounriver_studio/toolchain/risc-v embedded gcc/bin/../lib/gcc/riscv-none-embed/8.2.0/../../../../riscv-none-embed/lib/rv32ecxw/ilp32e\libg_nano.a(lib_a-wbuf.o)
                0x00000000000014c6                __swbuf_r
 .text._write_r
                0x000000000000158a       0x2e c:/users/mika/programmieren/mounriver/mounriver_studio/toolchain/risc-v embedded gcc/bin/../lib/gcc/riscv-none-embed/8.2.0/../../../../riscv-none-embed/lib/rv32ecxw/ilp32e\libg_nano.a(lib_a-writer.o)
                0x000000000000158a                _write_r
 .text.__swsetup_r
                0x00000000000015b8      0x104 c:/users/mika/programmieren/mounriver/mounriver_studio/toolchain/risc-v embedded gcc/bin/../lib/gcc/riscv-none-embed/8.2.0/../../../../riscv-none-embed/lib/rv32ecxw/ilp32e\libg_nano.a(lib_a-wsetup.o)
                0x00000000000015b8                __swsetup_r
 .text._close_r
                0x00000000000016bc       0x28 c:/users/mika/programmieren/mounriver/mounriver_studio/toolchain/risc-v embedded gcc/bin/../lib/gcc/riscv-none-embed/8.2.0/../../../../riscv-none-embed/lib/rv32ecxw/ilp32e\libg_nano.a(lib_a-closer.o)
                0x00000000000016bc                _close_r
 .text.__sflush_r
                0x00000000000016e4      0x128 c:/users/mika/programmieren/mounriver/mounriver_studio/toolchain/risc-v embedded gcc/bin/../lib/gcc/riscv-none-embed/8.2.0/../../../../riscv-none-embed/lib/rv32ecxw/ilp32e\libg_nano.a(lib_a-fflush.o)
                0x00000000000016e4                __sflush_r
 .text._fflush_r
                0x000000000000180c       0x66 c:/users/mika/programmieren/mounriver/mounriver_studio/toolchain/risc-v embedded gcc/bin/../lib/gcc/riscv-none-embed/8.2.0/../../../../riscv-none-embed/lib/rv32ecxw/ilp32e\libg_nano.a(lib_a-fflush.o)
                0x000000000000180c                _fflush_r
 .text._lseek_r
                0x0000000000001872       0x2c c:/users/mika/programmieren/mounriver/mounriver_studio/toolchain/risc-v embedded gcc/bin/../lib/gcc/riscv-none-embed/8.2.0/../../../../riscv-none-embed/lib/rv32ecxw/ilp32e\libg_nano.a(lib_a-lseekr.o)
                0x0000000000001872                _lseek_r
 .text.__swhatbuf_r
                0x000000000000189e       0x60 c:/users/mika/programmieren/mounriver/mounriver_studio/toolchain/risc-v embedded gcc/bin/../lib/gcc/riscv-none-embed/8.2.0/../../../../riscv-none-embed/lib/rv32ecxw/ilp32e\libg_nano.a(lib_a-makebuf.o)
                0x000000000000189e                __swhatbuf_r
 .text.__smakebuf_r
                0x00000000000018fe       0x8c c:/users/mika/programmieren/mounriver/mounriver_studio/toolchain/risc-v embedded gcc/bin/../lib/gcc/riscv-none-embed/8.2.0/../../../../riscv-none-embed/lib/rv32ecxw/ilp32e\libg_nano.a(lib_a-makebuf.o)
                0x00000000000018fe                __smakebuf_r
 .text.memchr   0x000000000000198a       0x18 c:/users/mika/programmieren/mounriver/mounriver_studio/toolchain/risc-v embedded gcc/bin/../lib/gcc/riscv-none-embed/8.2.0/../../../../riscv-none-embed/lib/rv32ecxw/ilp32e\libg_nano.a(lib_a-memchr.o)
                0x000000000000198a                memchr
 .text.__malloc_lock
                0x00000000000019a2        0x2 c:/users/mika/programmieren/mounriver/mounriver_studio/toolchain/risc-v embedded gcc/bin/../lib/gcc/riscv-none-embed/8.2.0/../../../../riscv-none-embed/lib/rv32ecxw/ilp32e\libg_nano.a(lib_a-mlock.o)
                0x00000000000019a2                __malloc_lock
 .text.__malloc_unlock
                0x00000000000019a4        0x2 c:/users/mika/programmieren/mounriver/mounriver_studio/toolchain/risc-v embedded gcc/bin/../lib/gcc/riscv-none-embed/8.2.0/../../../../riscv-none-embed/lib/rv32ecxw/ilp32e\libg_nano.a(lib_a-mlock.o)
                0x00000000000019a4                __malloc_unlock
 .text._free_r  0x00000000000019a6       0xa4 c:/users/mika/programmieren/mounriver/mounriver_studio/toolchain/risc-v embedded gcc/bin/../lib/gcc/riscv-none-embed/8.2.0/../../../../riscv-none-embed/lib/rv32ecxw/ilp32e\libg_nano.a(lib_a-nano-freer.o)
                0x00000000000019a6                _free_r
 .text._read_r  0x0000000000001a4a       0x2c c:/users/mika/programmieren/mounriver/mounriver_studio/toolchain/risc-v embedded gcc/bin/../lib/gcc/riscv-none-embed/8.2.0/../../../../riscv-none-embed/lib/rv32ecxw/ilp32e\libg_nano.a(lib_a-readr.o)
                0x0000000000001a4a                _read_r
 .text._fstat_r
                0x0000000000001a76       0x2a c:/users/mika/programmieren/mounriver/mounriver_studio/toolchain/risc-v embedded gcc/bin/../lib/gcc/riscv-none-embed/8.2.0/../../../../riscv-none-embed/lib/rv32ecxw/ilp32e\libg_nano.a(lib_a-fstatr.o)
                0x0000000000001a76                _fstat_r
 .text._isatty_r
                0x0000000000001aa0       0x28 c:/users/mika/programmieren/mounriver/mounriver_studio/toolchain/risc-v embedded gcc/bin/../lib/gcc/riscv-none-embed/8.2.0/../../../../riscv-none-embed/lib/rv32ecxw/ilp32e\libg_nano.a(lib_a-isattyr.o)
                0x0000000000001aa0                _isatty_r
 .text._close   0x0000000000001ac8        0xc c:/users/mika/programmieren/mounriver/mounriver_studio/toolchain/risc-v embedded gcc/bin/../lib/gcc/riscv-none-embed/8.2.0/../../../../riscv-none-embed/lib/rv32ecxw/ilp32e\libnosys.a(close.o)
                0x0000000000001ac8                _close
 .text._fstat   0x0000000000001ad4        0xc c:/users/mika/programmieren/mounriver/mounriver_studio/toolchain/risc-v embedded gcc/bin/../lib/gcc/riscv-none-embed/8.2.0/../../../../riscv-none-embed/lib/rv32ecxw/ilp32e\libnosys.a(fstat.o)
                0x0000000000001ad4                _fstat
 .text._isatty  0x0000000000001ae0        0xc c:/users/mika/programmieren/mounriver/mounriver_studio/toolchain/risc-v embedded gcc/bin/../lib/gcc/riscv-none-embed/8.2.0/../../../../riscv-none-embed/lib/rv32ecxw/ilp32e\libnosys.a(isatty.o)
                0x0000000000001ae0                _isatty
 .text._lseek   0x0000000000001aec        0xc c:/users/mika/programmieren/mounriver/mounriver_studio/toolchain/risc-v embedded gcc/bin/../lib/gcc/riscv-none-embed/8.2.0/../../../../riscv-none-embed/lib/rv32ecxw/ilp32e\libnosys.a(lseek.o)
                0x0000000000001aec                _lseek
 .text._read    0x0000000000001af8        0xc c:/users/mika/programmieren/mounriver/mounriver_studio/toolchain/risc-v embedded gcc/bin/../lib/gcc/riscv-none-embed/8.2.0/../../../../riscv-none-embed/lib/rv32ecxw/ilp32e\libnosys.a(read.o)
                0x0000000000001af8                _read
 *(.rodata)
 *(.rodata*)
 *fill*         0x0000000000001b04        0x0 
 .rodata.main.str1.4
                0x0000000000001b04       0x10 ./User/main.o
 .rodata.__sf_fake_stderr
                0x0000000000001b14       0x20 c:/users/mika/programmieren/mounriver/mounriver_studio/toolchain/risc-v embedded gcc/bin/../lib/gcc/riscv-none-embed/8.2.0/../../../../riscv-none-embed/lib/rv32ecxw/ilp32e\libg_nano.a(lib_a-findfp.o)
                0x0000000000001b14                __sf_fake_stderr
 .rodata.__sf_fake_stdin
                0x0000000000001b34       0x20 c:/users/mika/programmieren/mounriver/mounriver_studio/toolchain/risc-v embedded gcc/bin/../lib/gcc/riscv-none-embed/8.2.0/../../../../riscv-none-embed/lib/rv32ecxw/ilp32e\libg_nano.a(lib_a-findfp.o)
                0x0000000000001b34                __sf_fake_stdin
 .rodata.__sf_fake_stdout
                0x0000000000001b54       0x20 c:/users/mika/programmieren/mounriver/mounriver_studio/toolchain/risc-v embedded gcc/bin/../lib/gcc/riscv-none-embed/8.2.0/../../../../riscv-none-embed/lib/rv32ecxw/ilp32e\libg_nano.a(lib_a-findfp.o)
                0x0000000000001b54                __sf_fake_stdout
 .rodata._vfprintf_r.str1.4
                0x0000000000001b74       0x13 c:/users/mika/programmieren/mounriver/mounriver_studio/toolchain/risc-v embedded gcc/bin/../lib/gcc/riscv-none-embed/8.2.0/../../../../riscv-none-embed/lib/rv32ecxw/ilp32e\libg_nano.a(lib_a-nano-vfprintf.o)
 *fill*         0x0000000000001b87        0x1 
 .rodata._printf_i.str1.4
                0x0000000000001b88       0x28 c:/users/mika/programmieren/mounriver/mounriver_studio/toolchain/risc-v embedded gcc/bin/../lib/gcc/riscv-none-embed/8.2.0/../../../../riscv-none-embed/lib/rv32ecxw/ilp32e\libg_nano.a(lib_a-nano-vfprintf_i.o)
                                         0x25 (size before relaxing)
 *(.gnu.linkonce.t.*)
                0x0000000000001bb0                . = ALIGN (0x4)

.rela.dyn       0x0000000000001bb0        0x0
 .rela.init     0x0000000000001bb0        0x0 ./User/ch32v00x_it.o
 .rela.text.handle_reset
                0x0000000000001bb0        0x0 ./User/ch32v00x_it.o
 .rela.text._sbrk
                0x0000000000001bb0        0x0 ./User/ch32v00x_it.o
 .rela.data.curbrk.4059
                0x0000000000001bb0        0x0 ./User/ch32v00x_it.o
 .rela.text.__libc_fini_array
                0x0000000000001bb0        0x0 ./User/ch32v00x_it.o
 .rela.text.__libc_init_array
                0x0000000000001bb0        0x0 ./User/ch32v00x_it.o
 .rela.text.__register_exitproc
                0x0000000000001bb0        0x0 ./User/ch32v00x_it.o
 .rela.text.startup.register_fini
                0x0000000000001bb0        0x0 ./User/ch32v00x_it.o
 .rela.text._vfprintf_r
                0x0000000000001bb0        0x0 ./User/ch32v00x_it.o
 .rela.text._sbrk_r
                0x0000000000001bb0        0x0 ./User/ch32v00x_it.o
 .rela.text._write_r
                0x0000000000001bb0        0x0 ./User/ch32v00x_it.o
 .rela.text._close_r
                0x0000000000001bb0        0x0 ./User/ch32v00x_it.o
 .rela.text._lseek_r
                0x0000000000001bb0        0x0 ./User/ch32v00x_it.o
 .rela.text._read_r
                0x0000000000001bb0        0x0 ./User/ch32v00x_it.o
 .rela.text._fstat_r
                0x0000000000001bb0        0x0 ./User/ch32v00x_it.o
 .rela.text._isatty_r
                0x0000000000001bb0        0x0 ./User/ch32v00x_it.o
 .rela.text._close
                0x0000000000001bb0        0x0 ./User/ch32v00x_it.o
 .rela.text._fstat
                0x0000000000001bb0        0x0 ./User/ch32v00x_it.o
 .rela.text._isatty
                0x0000000000001bb0        0x0 ./User/ch32v00x_it.o
 .rela.text._lseek
                0x0000000000001bb0        0x0 ./User/ch32v00x_it.o
 .rela.text._read
                0x0000000000001bb0        0x0 ./User/ch32v00x_it.o

.fini           0x0000000000001bb0        0x0
 *(SORT_NONE(.fini))
                0x0000000000001bb0                . = ALIGN (0x4)
                [!provide]                        PROVIDE (_etext = .)
                [!provide]                        PROVIDE (_eitcm = .)

.preinit_array  0x0000000000001bb0        0x0
                0x0000000000001bb0                PROVIDE (__preinit_array_start = .)
 *(.preinit_array)
                0x0000000000001bb0                PROVIDE (__preinit_array_end = .)

.init_array     0x0000000000001bb0        0x4
                0x0000000000001bb0                PROVIDE (__init_array_start = .)
 *(SORT_BY_INIT_PRIORITY(.init_array.*) SORT_BY_INIT_PRIORITY(.ctors.*))
 .init_array.00000
                0x0000000000001bb0        0x4 c:/users/mika/programmieren/mounriver/mounriver_studio/toolchain/risc-v embedded gcc/bin/../lib/gcc/riscv-none-embed/8.2.0/../../../../riscv-none-embed/lib/rv32ecxw/ilp32e\libg_nano.a(lib_a-__call_atexit.o)
 *(.init_array EXCLUDE_FILE(*crtend?.o *crtend.o *crtbegin?.o *crtbegin.o) .ctors)
                0x0000000000001bb4                PROVIDE (__init_array_end = .)

.fini_array     0x0000000000001bb4        0x0
                0x0000000000001bb4                PROVIDE (__fini_array_start = .)
 *(SORT_BY_INIT_PRIORITY(.fini_array.*) SORT_BY_INIT_PRIORITY(.dtors.*))
 *(.fini_array EXCLUDE_FILE(*crtend?.o *crtend.o *crtbegin?.o *crtbegin.o) .dtors)
                0x0000000000001bb4                PROVIDE (__fini_array_end = .)

.ctors
 *crtbegin.o(.ctors)
 *crtbegin?.o(.ctors)
 *(EXCLUDE_FILE(*crtend?.o *crtend.o) .ctors)
 *(SORT_BY_NAME(.ctors.*))
 *(.ctors)

.dtors
 *crtbegin.o(.dtors)
 *crtbegin?.o(.dtors)
 *(EXCLUDE_FILE(*crtend?.o *crtend.o) .dtors)
 *(SORT_BY_NAME(.dtors.*))
 *(.dtors)

.dalign         0x0000000020000000        0x0 load address 0x0000000000001bb4
                0x0000000020000000                . = ALIGN (0x4)
                0x0000000020000000                PROVIDE (_data_vma = .)

.dlalign        0x0000000000001bb4        0x0
                0x0000000000001bb4                . = ALIGN (0x4)
                0x0000000000001bb4                PROVIDE (_data_lma = .)

.data           0x0000000020000000       0x98 load address 0x0000000000001bb4
                0x0000000020000000                . = ALIGN (0x4)
 *(.gnu.linkonce.r.*)
 *(.data .data.*)
 .data.SystemCoreClock
                0x0000000020000000        0x4 ./User/system_ch32v00x.o
                0x0000000020000000                SystemCoreClock
 .data.ADCPrescTable
                0x0000000020000004       0x14 ./Peripheral/src/ch32v00x_rcc.o
 .data.APBAHBPrescTable
                0x0000000020000018       0x10 ./Peripheral/src/ch32v00x_rcc.o
 .data.curbrk.4059
                0x0000000020000028        0x4 ./Debug/debug.o
 .data.impure_data
                0x000000002000002c       0x60 c:/users/mika/programmieren/mounriver/mounriver_studio/toolchain/risc-v embedded gcc/bin/../lib/gcc/riscv-none-embed/8.2.0/../../../../riscv-none-embed/lib/rv32ecxw/ilp32e\libg_nano.a(lib_a-impure.o)
 *(.gnu.linkonce.d.*)
                0x0000000020000090                . = ALIGN (0x8)
 *fill*         0x000000002000008c        0x4 
                0x0000000020000890                PROVIDE (__global_pointer$ = (. + 0x800))
 *(.sdata .sdata.*)
 .sdata._impure_ptr
                0x0000000020000090        0x4 c:/users/mika/programmieren/mounriver/mounriver_studio/toolchain/risc-v embedded gcc/bin/../lib/gcc/riscv-none-embed/8.2.0/../../../../riscv-none-embed/lib/rv32ecxw/ilp32e\libg_nano.a(lib_a-impure.o)
                0x0000000020000090                _impure_ptr
 *(.sdata2*)
 .sdata2._global_impure_ptr
                0x0000000020000094        0x4 c:/users/mika/programmieren/mounriver/mounriver_studio/toolchain/risc-v embedded gcc/bin/../lib/gcc/riscv-none-embed/8.2.0/../../../../riscv-none-embed/lib/rv32ecxw/ilp32e\libg_nano.a(lib_a-impure.o)
                0x0000000020000094                _global_impure_ptr
 *(.gnu.linkonce.s.*)
                0x0000000020000098                . = ALIGN (0x8)
 *(.srodata.cst16)
 *(.srodata.cst8)
 *(.srodata.cst4)
 *(.srodata.cst2)
 *(.srodata .srodata.*)
                0x0000000020000098                . = ALIGN (0x4)
                0x0000000020000098                PROVIDE (_edata = .)

.bss            0x0000000020000098       0xa4 load address 0x0000000000001c4c
                0x0000000020000098                . = ALIGN (0x4)
                0x0000000020000098                PROVIDE (_sbss = .)
 *(.sbss*)
 .sbss._global_atexit
                0x0000000020000098        0x4 c:/users/mika/programmieren/mounriver/mounriver_studio/toolchain/risc-v embedded gcc/bin/../lib/gcc/riscv-none-embed/8.2.0/../../../../riscv-none-embed/lib/rv32ecxw/ilp32e\libg_nano.a(lib_a-__call_atexit.o)
                0x0000000020000098                _global_atexit
 .sbss.__malloc_free_list
                0x000000002000009c        0x4 c:/users/mika/programmieren/mounriver/mounriver_studio/toolchain/risc-v embedded gcc/bin/../lib/gcc/riscv-none-embed/8.2.0/../../../../riscv-none-embed/lib/rv32ecxw/ilp32e\libg_nano.a(lib_a-nano-mallocr.o)
                0x000000002000009c                __malloc_free_list
 .sbss.__malloc_sbrk_start
                0x00000000200000a0        0x4 c:/users/mika/programmieren/mounriver/mounriver_studio/toolchain/risc-v embedded gcc/bin/../lib/gcc/riscv-none-embed/8.2.0/../../../../riscv-none-embed/lib/rv32ecxw/ilp32e\libg_nano.a(lib_a-nano-mallocr.o)
                0x00000000200000a0                __malloc_sbrk_start
 *(.gnu.linkonce.sb.*)
 *(.bss*)
 .bss.NVIC_Priority_Group
                0x00000000200000a4        0x4 ./Peripheral/src/ch32v00x_misc.o
                0x00000000200000a4                NVIC_Priority_Group
 .bss.p_ms      0x00000000200000a8        0x2 ./Debug/debug.o
 .bss.p_us      0x00000000200000aa        0x1 ./Debug/debug.o
 *fill*         0x00000000200000ab        0x1 
 .bss._global_atexit0
                0x00000000200000ac       0x8c c:/users/mika/programmieren/mounriver/mounriver_studio/toolchain/risc-v embedded gcc/bin/../lib/gcc/riscv-none-embed/8.2.0/../../../../riscv-none-embed/lib/rv32ecxw/ilp32e\libg_nano.a(lib_a-__atexit.o)
 *(.gnu.linkonce.b.*)
 *(COMMON*)
 COMMON         0x0000000020000138        0x4 c:/users/mika/programmieren/mounriver/mounriver_studio/toolchain/risc-v embedded gcc/bin/../lib/gcc/riscv-none-embed/8.2.0/../../../../riscv-none-embed/lib/rv32ecxw/ilp32e\libg_nano.a(lib_a-reent.o)
                0x0000000020000138                errno
                0x000000002000013c                . = ALIGN (0x4)
                0x000000002000013c                PROVIDE (_ebss = .)
                0x000000002000013c                PROVIDE (_end = _ebss)
                [!provide]                        PROVIDE (end = .)

.stack          0x0000000020000700      0x100
                0x0000000020000700                PROVIDE (_heap_end = .)
                0x0000000020000700                . = ALIGN (0x4)
                [!provide]                        PROVIDE (_susrstack = .)
                0x0000000020000800                . = (. + __stack_size)
 *fill*         0x0000000020000700      0x100 
                0x0000000020000800                PROVIDE (_eusrstack = .)
OUTPUT(GPIO_Test.elf elf32-littleriscv)

.debug_info     0x0000000000000000     0x73ba
 .debug_info    0x0000000000000000      0x962 ./User/ch32v00x_it.o
 .debug_info    0x0000000000000962      0xe07 ./User/main.o
 .debug_info    0x0000000000001769      0xc00 ./User/system_ch32v00x.o
 .debug_info    0x0000000000002369       0x22 ./Startup/startup_ch32v00x.o
 .debug_info    0x000000000000238b      0xf89 ./Peripheral/src/ch32v00x_gpio.o
 .debug_info    0x0000000000003314      0xdda ./Peripheral/src/ch32v00x_misc.o
 .debug_info    0x00000000000040ee     0x1063 ./Peripheral/src/ch32v00x_rcc.o
 .debug_info    0x0000000000005151     0x1351 ./Peripheral/src/ch32v00x_usart.o
 .debug_info    0x00000000000064a2      0xf18 ./Debug/debug.o

.debug_abbrev   0x0000000000000000     0x170d
 .debug_abbrev  0x0000000000000000      0x1cf ./User/ch32v00x_it.o
 .debug_abbrev  0x00000000000001cf      0x2d7 ./User/main.o
 .debug_abbrev  0x00000000000004a6      0x2af ./User/system_ch32v00x.o
 .debug_abbrev  0x0000000000000755       0x12 ./Startup/startup_ch32v00x.o
 .debug_abbrev  0x0000000000000767      0x2f8 ./Peripheral/src/ch32v00x_gpio.o
 .debug_abbrev  0x0000000000000a5f      0x2fb ./Peripheral/src/ch32v00x_misc.o
 .debug_abbrev  0x0000000000000d5a      0x36d ./Peripheral/src/ch32v00x_rcc.o
 .debug_abbrev  0x00000000000010c7      0x323 ./Peripheral/src/ch32v00x_usart.o
 .debug_abbrev  0x00000000000013ea      0x323 ./Debug/debug.o

.debug_aranges  0x0000000000000000      0x398
 .debug_aranges
                0x0000000000000000       0x28 ./User/ch32v00x_it.o
 .debug_aranges
                0x0000000000000028       0x30 ./User/main.o
 .debug_aranges
                0x0000000000000058       0x28 ./User/system_ch32v00x.o
 .debug_aranges
                0x0000000000000080       0x30 ./Startup/startup_ch32v00x.o
 .debug_aranges
                0x00000000000000b0       0x90 ./Peripheral/src/ch32v00x_gpio.o
 .debug_aranges
                0x0000000000000140       0x28 ./Peripheral/src/ch32v00x_misc.o
 .debug_aranges
                0x0000000000000168       0xe0 ./Peripheral/src/ch32v00x_rcc.o
 .debug_aranges
                0x0000000000000248      0x100 ./Peripheral/src/ch32v00x_usart.o
 .debug_aranges
                0x0000000000000348       0x50 ./Debug/debug.o

.debug_ranges   0x0000000000000000      0x360
 .debug_ranges  0x0000000000000000       0x18 ./User/ch32v00x_it.o
 .debug_ranges  0x0000000000000018       0x20 ./User/main.o
 .debug_ranges  0x0000000000000038       0x38 ./User/system_ch32v00x.o
 .debug_ranges  0x0000000000000070       0x28 ./Startup/startup_ch32v00x.o
 .debug_ranges  0x0000000000000098       0x80 ./Peripheral/src/ch32v00x_gpio.o
 .debug_ranges  0x0000000000000118       0x48 ./Peripheral/src/ch32v00x_misc.o
 .debug_ranges  0x0000000000000160       0xd0 ./Peripheral/src/ch32v00x_rcc.o
 .debug_ranges  0x0000000000000230       0xf0 ./Peripheral/src/ch32v00x_usart.o
 .debug_ranges  0x0000000000000320       0x40 ./Debug/debug.o

.debug_line     0x0000000000000000     0x47d6
 .debug_line    0x0000000000000000      0x27b ./User/ch32v00x_it.o
 .debug_line    0x000000000000027b      0x6b2 ./User/main.o
 .debug_line    0x000000000000092d      0x6c7 ./User/system_ch32v00x.o
 .debug_line    0x0000000000000ff4      0x1c0 ./Startup/startup_ch32v00x.o
 .debug_line    0x00000000000011b4      0xc1f ./Peripheral/src/ch32v00x_gpio.o
 .debug_line    0x0000000000001dd3      0x529 ./Peripheral/src/ch32v00x_misc.o
 .debug_line    0x00000000000022fc      0xdc4 ./Peripheral/src/ch32v00x_rcc.o
 .debug_line    0x00000000000030c0      0xf66 ./Peripheral/src/ch32v00x_usart.o
 .debug_line    0x0000000000004026      0x7b0 ./Debug/debug.o

.debug_str      0x0000000000000000     0x1688
 .debug_str     0x0000000000000000      0x54d ./User/ch32v00x_it.o
                                        0x5b9 (size before relaxing)
 .debug_str     0x000000000000054d      0x377 ./User/main.o
                                        0x8e4 (size before relaxing)
 .debug_str     0x00000000000008c4      0x12e ./User/system_ch32v00x.o
                                        0x705 (size before relaxing)
 .debug_str     0x00000000000009f2       0x2a ./Startup/startup_ch32v00x.o
                                         0x67 (size before relaxing)
 .debug_str     0x0000000000000a1c      0x1b7 ./Peripheral/src/ch32v00x_gpio.o
                                        0x90d (size before relaxing)
 .debug_str     0x0000000000000bd3      0x32e ./Peripheral/src/ch32v00x_misc.o
                                        0x915 (size before relaxing)
 .debug_str     0x0000000000000f01      0x2e5 ./Peripheral/src/ch32v00x_rcc.o
                                        0x9b4 (size before relaxing)
 .debug_str     0x00000000000011e6      0x422 ./Peripheral/src/ch32v00x_usart.o
                                        0xb03 (size before relaxing)
 .debug_str     0x0000000000001608       0x80 ./Debug/debug.o
                                        0x8fa (size before relaxing)

.comment        0x0000000000000000       0x33
 .comment       0x0000000000000000       0x33 ./User/ch32v00x_it.o
                                         0x34 (size before relaxing)
 .comment       0x0000000000000033       0x34 ./User/main.o
 .comment       0x0000000000000033       0x34 ./User/system_ch32v00x.o
 .comment       0x0000000000000033       0x34 ./Peripheral/src/ch32v00x_gpio.o
 .comment       0x0000000000000033       0x34 ./Peripheral/src/ch32v00x_misc.o
 .comment       0x0000000000000033       0x34 ./Peripheral/src/ch32v00x_rcc.o
 .comment       0x0000000000000033       0x34 ./Peripheral/src/ch32v00x_usart.o
 .comment       0x0000000000000033       0x34 ./Debug/debug.o

.debug_frame    0x0000000000000000      0xf78
 .debug_frame   0x0000000000000000       0x30 ./User/ch32v00x_it.o
 .debug_frame   0x0000000000000030       0x4c ./User/system_ch32v00x.o
 .debug_frame   0x000000000000007c      0x12c ./Peripheral/src/ch32v00x_gpio.o
 .debug_frame   0x00000000000001a8       0x30 ./Peripheral/src/ch32v00x_misc.o
 .debug_frame   0x00000000000001d8      0x1c0 ./Peripheral/src/ch32v00x_rcc.o
 .debug_frame   0x0000000000000398      0x204 ./Peripheral/src/ch32v00x_usart.o
 .debug_frame   0x000000000000059c       0xe8 ./Debug/debug.o
 .debug_frame   0x0000000000000684       0x20 c:/users/mika/programmieren/mounriver/mounriver_studio/toolchain/risc-v embedded gcc/bin/../lib/gcc/riscv-none-embed/8.2.0/../../../../riscv-none-embed/lib/rv32ecxw/ilp32e\libg_nano.a(lib_a-atexit.o)
 .debug_frame   0x00000000000006a4       0x38 c:/users/mika/programmieren/mounriver/mounriver_studio/toolchain/risc-v embedded gcc/bin/../lib/gcc/riscv-none-embed/8.2.0/../../../../riscv-none-embed/lib/rv32ecxw/ilp32e\libg_nano.a(lib_a-fini.o)
 .debug_frame   0x00000000000006dc       0x38 c:/users/mika/programmieren/mounriver/mounriver_studio/toolchain/risc-v embedded gcc/bin/../lib/gcc/riscv-none-embed/8.2.0/../../../../riscv-none-embed/lib/rv32ecxw/ilp32e\libg_nano.a(lib_a-init.o)
 .debug_frame   0x0000000000000714       0x54 c:/users/mika/programmieren/mounriver/mounriver_studio/toolchain/risc-v embedded gcc/bin/../lib/gcc/riscv-none-embed/8.2.0/../../../../riscv-none-embed/lib/rv32ecxw/ilp32e\libg_nano.a(lib_a-printf.o)
 .debug_frame   0x0000000000000768       0x20 c:/users/mika/programmieren/mounriver/mounriver_studio/toolchain/risc-v embedded gcc/bin/../lib/gcc/riscv-none-embed/8.2.0/../../../../riscv-none-embed/lib/rv32ecxw/ilp32e\libg_nano.a(lib_a-__atexit.o)
 .debug_frame   0x0000000000000788       0x48 c:/users/mika/programmieren/mounriver/mounriver_studio/toolchain/risc-v embedded gcc/bin/../lib/gcc/riscv-none-embed/8.2.0/../../../../riscv-none-embed/lib/rv32ecxw/ilp32e\libg_nano.a(lib_a-__call_atexit.o)
 .debug_frame   0x00000000000007d0      0x13c c:/users/mika/programmieren/mounriver/mounriver_studio/toolchain/risc-v embedded gcc/bin/../lib/gcc/riscv-none-embed/8.2.0/../../../../riscv-none-embed/lib/rv32ecxw/ilp32e\libg_nano.a(lib_a-findfp.o)
 .debug_frame   0x000000000000090c       0x60 c:/users/mika/programmieren/mounriver/mounriver_studio/toolchain/risc-v embedded gcc/bin/../lib/gcc/riscv-none-embed/8.2.0/../../../../riscv-none-embed/lib/rv32ecxw/ilp32e\libg_nano.a(lib_a-fwalk.o)
 .debug_frame   0x000000000000096c       0x38 c:/users/mika/programmieren/mounriver/mounriver_studio/toolchain/risc-v embedded gcc/bin/../lib/gcc/riscv-none-embed/8.2.0/../../../../riscv-none-embed/lib/rv32ecxw/ilp32e\libg_nano.a(lib_a-nano-mallocr.o)
 .debug_frame   0x00000000000009a4       0xa4 c:/users/mika/programmieren/mounriver/mounriver_studio/toolchain/risc-v embedded gcc/bin/../lib/gcc/riscv-none-embed/8.2.0/../../../../riscv-none-embed/lib/rv32ecxw/ilp32e\libg_nano.a(lib_a-nano-vfprintf.o)
 .debug_frame   0x0000000000000a48       0x60 c:/users/mika/programmieren/mounriver/mounriver_studio/toolchain/risc-v embedded gcc/bin/../lib/gcc/riscv-none-embed/8.2.0/../../../../riscv-none-embed/lib/rv32ecxw/ilp32e\libg_nano.a(lib_a-nano-vfprintf_i.o)
 .debug_frame   0x0000000000000aa8       0x30 c:/users/mika/programmieren/mounriver/mounriver_studio/toolchain/risc-v embedded gcc/bin/../lib/gcc/riscv-none-embed/8.2.0/../../../../riscv-none-embed/lib/rv32ecxw/ilp32e\libg_nano.a(lib_a-sbrkr.o)
 .debug_frame   0x0000000000000ad8       0x9c c:/users/mika/programmieren/mounriver/mounriver_studio/toolchain/risc-v embedded gcc/bin/../lib/gcc/riscv-none-embed/8.2.0/../../../../riscv-none-embed/lib/rv32ecxw/ilp32e\libg_nano.a(lib_a-stdio.o)
 .debug_frame   0x0000000000000b74       0x48 c:/users/mika/programmieren/mounriver/mounriver_studio/toolchain/risc-v embedded gcc/bin/../lib/gcc/riscv-none-embed/8.2.0/../../../../riscv-none-embed/lib/rv32ecxw/ilp32e\libg_nano.a(lib_a-wbuf.o)
 .debug_frame   0x0000000000000bbc       0x30 c:/users/mika/programmieren/mounriver/mounriver_studio/toolchain/risc-v embedded gcc/bin/../lib/gcc/riscv-none-embed/8.2.0/../../../../riscv-none-embed/lib/rv32ecxw/ilp32e\libg_nano.a(lib_a-writer.o)
 .debug_frame   0x0000000000000bec       0x38 c:/users/mika/programmieren/mounriver/mounriver_studio/toolchain/risc-v embedded gcc/bin/../lib/gcc/riscv-none-embed/8.2.0/../../../../riscv-none-embed/lib/rv32ecxw/ilp32e\libg_nano.a(lib_a-wsetup.o)
 .debug_frame   0x0000000000000c24       0x30 c:/users/mika/programmieren/mounriver/mounriver_studio/toolchain/risc-v embedded gcc/bin/../lib/gcc/riscv-none-embed/8.2.0/../../../../riscv-none-embed/lib/rv32ecxw/ilp32e\libg_nano.a(lib_a-closer.o)
 .debug_frame   0x0000000000000c54       0x74 c:/users/mika/programmieren/mounriver/mounriver_studio/toolchain/risc-v embedded gcc/bin/../lib/gcc/riscv-none-embed/8.2.0/../../../../riscv-none-embed/lib/rv32ecxw/ilp32e\libg_nano.a(lib_a-fflush.o)
 .debug_frame   0x0000000000000cc8       0x30 c:/users/mika/programmieren/mounriver/mounriver_studio/toolchain/risc-v embedded gcc/bin/../lib/gcc/riscv-none-embed/8.2.0/../../../../riscv-none-embed/lib/rv32ecxw/ilp32e\libg_nano.a(lib_a-lseekr.o)
 .debug_frame   0x0000000000000cf8       0x5c c:/users/mika/programmieren/mounriver/mounriver_studio/toolchain/risc-v embedded gcc/bin/../lib/gcc/riscv-none-embed/8.2.0/../../../../riscv-none-embed/lib/rv32ecxw/ilp32e\libg_nano.a(lib_a-makebuf.o)
 .debug_frame   0x0000000000000d54       0x20 c:/users/mika/programmieren/mounriver/mounriver_studio/toolchain/risc-v embedded gcc/bin/../lib/gcc/riscv-none-embed/8.2.0/../../../../riscv-none-embed/lib/rv32ecxw/ilp32e\libg_nano.a(lib_a-memchr.o)
 .debug_frame   0x0000000000000d74       0x30 c:/users/mika/programmieren/mounriver/mounriver_studio/toolchain/risc-v embedded gcc/bin/../lib/gcc/riscv-none-embed/8.2.0/../../../../riscv-none-embed/lib/rv32ecxw/ilp32e\libg_nano.a(lib_a-mlock.o)
 .debug_frame   0x0000000000000da4       0x40 c:/users/mika/programmieren/mounriver/mounriver_studio/toolchain/risc-v embedded gcc/bin/../lib/gcc/riscv-none-embed/8.2.0/../../../../riscv-none-embed/lib/rv32ecxw/ilp32e\libg_nano.a(lib_a-nano-freer.o)
 .debug_frame   0x0000000000000de4       0x30 c:/users/mika/programmieren/mounriver/mounriver_studio/toolchain/risc-v embedded gcc/bin/../lib/gcc/riscv-none-embed/8.2.0/../../../../riscv-none-embed/lib/rv32ecxw/ilp32e\libg_nano.a(lib_a-readr.o)
 .debug_frame   0x0000000000000e14       0x64 c:/users/mika/programmieren/mounriver/mounriver_studio/toolchain/risc-v embedded gcc/bin/../lib/gcc/riscv-none-embed/8.2.0/../../../../riscv-none-embed/lib/rv32ecxw/ilp32e\libg_nano.a(lib_a-reent.o)
 .debug_frame   0x0000000000000e78       0x30 c:/users/mika/programmieren/mounriver/mounriver_studio/toolchain/risc-v embedded gcc/bin/../lib/gcc/riscv-none-embed/8.2.0/../../../../riscv-none-embed/lib/rv32ecxw/ilp32e\libg_nano.a(lib_a-fstatr.o)
 .debug_frame   0x0000000000000ea8       0x30 c:/users/mika/programmieren/mounriver/mounriver_studio/toolchain/risc-v embedded gcc/bin/../lib/gcc/riscv-none-embed/8.2.0/../../../../riscv-none-embed/lib/rv32ecxw/ilp32e\libg_nano.a(lib_a-isattyr.o)
 .debug_frame   0x0000000000000ed8       0x20 c:/users/mika/programmieren/mounriver/mounriver_studio/toolchain/risc-v embedded gcc/bin/../lib/gcc/riscv-none-embed/8.2.0/../../../../riscv-none-embed/lib/rv32ecxw/ilp32e\libnosys.a(close.o)
 .debug_frame   0x0000000000000ef8       0x20 c:/users/mika/programmieren/mounriver/mounriver_studio/toolchain/risc-v embedded gcc/bin/../lib/gcc/riscv-none-embed/8.2.0/../../../../riscv-none-embed/lib/rv32ecxw/ilp32e\libnosys.a(fstat.o)
 .debug_frame   0x0000000000000f18       0x20 c:/users/mika/programmieren/mounriver/mounriver_studio/toolchain/risc-v embedded gcc/bin/../lib/gcc/riscv-none-embed/8.2.0/../../../../riscv-none-embed/lib/rv32ecxw/ilp32e\libnosys.a(isatty.o)
 .debug_frame   0x0000000000000f38       0x20 c:/users/mika/programmieren/mounriver/mounriver_studio/toolchain/risc-v embedded gcc/bin/../lib/gcc/riscv-none-embed/8.2.0/../../../../riscv-none-embed/lib/rv32ecxw/ilp32e\libnosys.a(lseek.o)
 .debug_frame   0x0000000000000f58       0x20 c:/users/mika/programmieren/mounriver/mounriver_studio/toolchain/risc-v embedded gcc/bin/../lib/gcc/riscv-none-embed/8.2.0/../../../../riscv-none-embed/lib/rv32ecxw/ilp32e\libnosys.a(read.o)

.debug_loc      0x0000000000000000     0x1721
 .debug_loc     0x0000000000000000      0x13f ./User/main.o
 .debug_loc     0x000000000000013f       0x55 ./User/system_ch32v00x.o
 .debug_loc     0x0000000000000194      0x670 ./Peripheral/src/ch32v00x_gpio.o
 .debug_loc     0x0000000000000804       0xce ./Peripheral/src/ch32v00x_misc.o
 .debug_loc     0x00000000000008d2      0x59f ./Peripheral/src/ch32v00x_rcc.o
 .debug_loc     0x0000000000000e71      0x735 ./Peripheral/src/ch32v00x_usart.o
 .debug_loc     0x00000000000015a6      0x17b ./Debug/debug.o

.stab           0x0000000000000000       0x84
 .stab          0x0000000000000000       0x24 c:/users/mika/programmieren/mounriver/mounriver_studio/toolchain/risc-v embedded gcc/bin/../lib/gcc/riscv-none-embed/8.2.0/../../../../riscv-none-embed/lib/rv32ecxw/ilp32e\libnosys.a(close.o)
 .stab          0x0000000000000024       0x18 c:/users/mika/programmieren/mounriver/mounriver_studio/toolchain/risc-v embedded gcc/bin/../lib/gcc/riscv-none-embed/8.2.0/../../../../riscv-none-embed/lib/rv32ecxw/ilp32e\libnosys.a(fstat.o)
                                         0x24 (size before relaxing)
 .stab          0x000000000000003c       0x18 c:/users/mika/programmieren/mounriver/mounriver_studio/toolchain/risc-v embedded gcc/bin/../lib/gcc/riscv-none-embed/8.2.0/../../../../riscv-none-embed/lib/rv32ecxw/ilp32e\libnosys.a(isatty.o)
                                         0x24 (size before relaxing)
 .stab          0x0000000000000054       0x18 c:/users/mika/programmieren/mounriver/mounriver_studio/toolchain/risc-v embedded gcc/bin/../lib/gcc/riscv-none-embed/8.2.0/../../../../riscv-none-embed/lib/rv32ecxw/ilp32e\libnosys.a(lseek.o)
                                         0x24 (size before relaxing)
 .stab          0x000000000000006c       0x18 c:/users/mika/programmieren/mounriver/mounriver_studio/toolchain/risc-v embedded gcc/bin/../lib/gcc/riscv-none-embed/8.2.0/../../../../riscv-none-embed/lib/rv32ecxw/ilp32e\libnosys.a(read.o)
                                         0x24 (size before relaxing)

.stabstr        0x0000000000000000      0x117
 .stabstr       0x0000000000000000      0x117 c:/users/mika/programmieren/mounriver/mounriver_studio/toolchain/risc-v embedded gcc/bin/../lib/gcc/riscv-none-embed/8.2.0/../../../../riscv-none-embed/lib/rv32ecxw/ilp32e\libnosys.a(close.o)
