Archive member included to satisfy reference by file (symbol)

c:/users/mika/programmieren/mounriver/mounriver_studio/toolchain/risc-v embedded gcc/bin/../lib/gcc/riscv-none-embed/8.2.0/rv32ecxw/ilp32e\libgcc.a(save-restore.o)
                              ./User/FastMatrix/FastMatrix.o (__riscv_save_2)
c:/users/mika/programmieren/mounriver/mounriver_studio/toolchain/risc-v embedded gcc/bin/../lib/gcc/riscv-none-embed/8.2.0/rv32ecxw/ilp32e\libgcc.a(muldi3.o)
                              ./Debug/debug.o (__mulsi3)
c:/users/mika/programmieren/mounriver/mounriver_studio/toolchain/risc-v embedded gcc/bin/../lib/gcc/riscv-none-embed/8.2.0/rv32ecxw/ilp32e\libgcc.a(div.o)
                              ./Peripheral/src/ch32v00x_usart.o (__divsi3)
c:/users/mika/programmieren/mounriver/mounriver_studio/toolchain/risc-v embedded gcc/bin/../lib/gcc/riscv-none-embed/8.2.0/../../../../riscv-none-embed/lib/rv32ecxw/ilp32e\libg_nano.a(lib_a-atexit.o)
                              ./Startup/startup_ch32v00x.o (atexit)
c:/users/mika/programmieren/mounriver/mounriver_studio/toolchain/risc-v embedded gcc/bin/../lib/gcc/riscv-none-embed/8.2.0/../../../../riscv-none-embed/lib/rv32ecxw/ilp32e\libg_nano.a(lib_a-fini.o)
                              ./Startup/startup_ch32v00x.o (__libc_fini_array)
c:/users/mika/programmieren/mounriver/mounriver_studio/toolchain/risc-v embedded gcc/bin/../lib/gcc/riscv-none-embed/8.2.0/../../../../riscv-none-embed/lib/rv32ecxw/ilp32e\libg_nano.a(lib_a-init.o)
                              ./Startup/startup_ch32v00x.o (__libc_init_array)
c:/users/mika/programmieren/mounriver/mounriver_studio/toolchain/risc-v embedded gcc/bin/../lib/gcc/riscv-none-embed/8.2.0/../../../../riscv-none-embed/lib/rv32ecxw/ilp32e\libg_nano.a(lib_a-memset.o)
                              ./User/main.o (memset)
c:/users/mika/programmieren/mounriver/mounriver_studio/toolchain/risc-v embedded gcc/bin/../lib/gcc/riscv-none-embed/8.2.0/../../../../riscv-none-embed/lib/rv32ecxw/ilp32e\libg_nano.a(lib_a-printf.o)
                              ./User/main.o (printf)
c:/users/mika/programmieren/mounriver/mounriver_studio/toolchain/risc-v embedded gcc/bin/../lib/gcc/riscv-none-embed/8.2.0/../../../../riscv-none-embed/lib/rv32ecxw/ilp32e\libg_nano.a(lib_a-puts.o)
                              ./User/main.o (puts)
c:/users/mika/programmieren/mounriver/mounriver_studio/toolchain/risc-v embedded gcc/bin/../lib/gcc/riscv-none-embed/8.2.0/../../../../riscv-none-embed/lib/rv32ecxw/ilp32e\libg_nano.a(lib_a-wbuf.o)
                              c:/users/mika/programmieren/mounriver/mounriver_studio/toolchain/risc-v embedded gcc/bin/../lib/gcc/riscv-none-embed/8.2.0/../../../../riscv-none-embed/lib/rv32ecxw/ilp32e\libg_nano.a(lib_a-puts.o) (__swbuf_r)
c:/users/mika/programmieren/mounriver/mounriver_studio/toolchain/risc-v embedded gcc/bin/../lib/gcc/riscv-none-embed/8.2.0/../../../../riscv-none-embed/lib/rv32ecxw/ilp32e\libg_nano.a(lib_a-wsetup.o)
                              c:/users/mika/programmieren/mounriver/mounriver_studio/toolchain/risc-v embedded gcc/bin/../lib/gcc/riscv-none-embed/8.2.0/../../../../riscv-none-embed/lib/rv32ecxw/ilp32e\libg_nano.a(lib_a-puts.o) (__swsetup_r)
c:/users/mika/programmieren/mounriver/mounriver_studio/toolchain/risc-v embedded gcc/bin/../lib/gcc/riscv-none-embed/8.2.0/../../../../riscv-none-embed/lib/rv32ecxw/ilp32e\libg_nano.a(lib_a-__atexit.o)
                              c:/users/mika/programmieren/mounriver/mounriver_studio/toolchain/risc-v embedded gcc/bin/../lib/gcc/riscv-none-embed/8.2.0/../../../../riscv-none-embed/lib/rv32ecxw/ilp32e\libg_nano.a(lib_a-atexit.o) (__register_exitproc)
c:/users/mika/programmieren/mounriver/mounriver_studio/toolchain/risc-v embedded gcc/bin/../lib/gcc/riscv-none-embed/8.2.0/../../../../riscv-none-embed/lib/rv32ecxw/ilp32e\libg_nano.a(lib_a-__call_atexit.o)
                              c:/users/mika/programmieren/mounriver/mounriver_studio/toolchain/risc-v embedded gcc/bin/../lib/gcc/riscv-none-embed/8.2.0/../../../../riscv-none-embed/lib/rv32ecxw/ilp32e\libg_nano.a(lib_a-__atexit.o) (__call_exitprocs)
c:/users/mika/programmieren/mounriver/mounriver_studio/toolchain/risc-v embedded gcc/bin/../lib/gcc/riscv-none-embed/8.2.0/../../../../riscv-none-embed/lib/rv32ecxw/ilp32e\libg_nano.a(lib_a-fflush.o)
                              c:/users/mika/programmieren/mounriver/mounriver_studio/toolchain/risc-v embedded gcc/bin/../lib/gcc/riscv-none-embed/8.2.0/../../../../riscv-none-embed/lib/rv32ecxw/ilp32e\libg_nano.a(lib_a-wbuf.o) (_fflush_r)
c:/users/mika/programmieren/mounriver/mounriver_studio/toolchain/risc-v embedded gcc/bin/../lib/gcc/riscv-none-embed/8.2.0/../../../../riscv-none-embed/lib/rv32ecxw/ilp32e\libg_nano.a(lib_a-findfp.o)
                              c:/users/mika/programmieren/mounriver/mounriver_studio/toolchain/risc-v embedded gcc/bin/../lib/gcc/riscv-none-embed/8.2.0/../../../../riscv-none-embed/lib/rv32ecxw/ilp32e\libg_nano.a(lib_a-printf.o) (__sinit)
[...]
Memory Configuration

Name             Origin             Length             Attributes
FLASH            0x0000000000000000 0x0000000000004000 xr
RAM              0x0000000020000000 0x0000000000000800 xrw
*default*        0x0000000000000000 0xffffffffffffffff

Linker script and memory map

LOAD ./User/FastMatrix/FastMatrix.o
LOAD ./User/ch32v00x_it.o
LOAD ./User/main.o
LOAD ./User/system_ch32v00x.o
LOAD ./Startup/startup_ch32v00x.o
LOAD ./Peripheral/src/ch32v00x_adc.o
LOAD ./Peripheral/src/ch32v00x_dbgmcu.o
LOAD ./Peripheral/src/ch32v00x_dma.o
LOAD ./Peripheral/src/ch32v00x_exti.o
LOAD ./Peripheral/src/ch32v00x_flash.o
LOAD ./Peripheral/src/ch32v00x_gpio.o
LOAD ./Peripheral/src/ch32v00x_i2c.o
LOAD ./Peripheral/src/ch32v00x_iwdg.o
LOAD ./Peripheral/src/ch32v00x_misc.o
LOAD ./Peripheral/src/ch32v00x_opa.o
LOAD ./Peripheral/src/ch32v00x_pwr.o
LOAD ./Peripheral/src/ch32v00x_rcc.o
LOAD ./Peripheral/src/ch32v00x_spi.o
LOAD ./Peripheral/src/ch32v00x_tim.o
LOAD ./Peripheral/src/ch32v00x_usart.o
LOAD ./Peripheral/src/ch32v00x_wwdg.o
LOAD ./Debug/debug.o
LOAD ./Core/core_riscv.o
LOAD c:/users/mika/programmieren/mounriver/mounriver_studio/toolchain/risc-v embedded gcc/bin/../lib/gcc/riscv-none-embed/8.2.0/../../../../riscv-none-embed/lib/rv32ecxw/ilp32e\libstdc++_nano.a
LOAD c:/users/mika/programmieren/mounriver/mounriver_studio/toolchain/risc-v embedded gcc/bin/../lib/gcc/riscv-none-embed/8.2.0/../../../../riscv-none-embed/lib/rv32ecxw/ilp32e\libm.a
LOAD c:/users/mika/programmieren/mounriver/mounriver_studio/toolchain/risc-v embedded gcc/bin/../lib/gcc/riscv-none-embed/8.2.0/rv32ecxw/ilp32e\libgcc.a
LOAD c:/users/mika/programmieren/mounriver/mounriver_studio/toolchain/risc-v embedded gcc/bin/../lib/gcc/riscv-none-embed/8.2.0/../../../../riscv-none-embed/lib/rv32ecxw/ilp32e\libg_nano.a
LOAD c:/users/mika/programmieren/mounriver/mounriver_studio/toolchain/risc-v embedded gcc/bin/../lib/gcc/riscv-none-embed/8.2.0/../../../../riscv-none-embed/lib/rv32ecxw/ilp32e\libc_nano.a
LOAD c:/users/mika/programmieren/mounriver/mounriver_studio/toolchain/risc-v embedded gcc/bin/../lib/gcc/riscv-none-embed/8.2.0/rv32ecxw/ilp32e\libgcc.a
START GROUP
LOAD c:/users/mika/programmieren/mounriver/mounriver_studio/toolchain/risc-v embedded gcc/bin/../lib/gcc/riscv-none-embed/8.2.0/rv32ecxw/ilp32e\libgcc.a
LOAD c:/users/mika/programmieren/mounriver/mounriver_studio/toolchain/risc-v embedded gcc/bin/../lib/gcc/riscv-none-embed/8.2.0/../../../../riscv-none-embed/lib/rv32ecxw/ilp32e\libc_nano.a
LOAD c:/users/mika/programmieren/mounriver/mounriver_studio/toolchain/risc-v embedded gcc/bin/../lib/gcc/riscv-none-embed/8.2.0/../../../../riscv-none-embed/lib/rv32ecxw/ilp32e\libnosys.a
END GROUP
START GROUP
LOAD c:/users/mika/programmieren/mounriver/mounriver_studio/toolchain/risc-v embedded gcc/bin/../lib/gcc/riscv-none-embed/8.2.0/rv32ecxw/ilp32e\libgcc.a
LOAD c:/users/mika/programmieren/mounriver/mounriver_studio/toolchain/risc-v embedded gcc/bin/../lib/gcc/riscv-none-embed/8.2.0/../../../../riscv-none-embed/lib/rv32ecxw/ilp32e\libc_nano.a
LOAD c:/users/mika/programmieren/mounriver/mounriver_studio/toolchain/risc-v embedded gcc/bin/../lib/gcc/riscv-none-embed/8.2.0/../../../../riscv-none-embed/lib/rv32ecxw/ilp32e\libnosys.a
END GROUP
                0x0000000000000100                __stack_size = 0x100
                [!provide]                        PROVIDE (_stack_size = __stack_size)

.init           0x0000000000000000       0xa0
                0x0000000000000000                _sinit = .
                0x0000000000000000                . = ALIGN (0x4)
 *(SORT_NONE(.init))
 .init          0x0000000000000000       0x9e ./Startup/startup_ch32v00x.o
                0x0000000000000000                _start
                0x00000000000000a0                . = ALIGN (0x4)
 *fill*         0x000000000000009e        0x2 
                0x00000000000000a0                _einit = .

.text           0x00000000000000a0     0x1fa8
                0x00000000000000a0                . = ALIGN (0x4)
 *(.text)
 .text          0x00000000000000a0       0x14 c:/users/mika/programmieren/mounriver/mounriver_studio/toolchain/risc-v embedded gcc/bin/../lib/gcc/riscv-none-embed/8.2.0/rv32ecxw/ilp32e\libgcc.a(save-restore.o)
                0x00000000000000a0                __riscv_save_1
                0x00000000000000a0                __riscv_save_2
                0x00000000000000a0                __riscv_save_0
                0x00000000000000aa                __riscv_restore_0
                0x00000000000000aa                __riscv_restore_1
                0x00000000000000aa                __riscv_restore_2
 .text          0x00000000000000b4       0x7e c:/users/mika/programmieren/mounriver/mounriver_studio/toolchain/risc-v embedded gcc/bin/../lib/gcc/riscv-none-embed/8.2.0/rv32ecxw/ilp32e\libgcc.a(div.o)
                0x00000000000000b4                __divsi3
                0x00000000000000bc                __udivsi3
                0x00000000000000e8                __umodsi3
                0x000000000000010c                __modsi3
 .text          0x0000000000000132       0xa8 c:/users/mika/programmieren/mounriver/mounriver_studio/toolchain/risc-v embedded gcc/bin/../lib/gcc/riscv-none-embed/8.2.0/../../../../riscv-none-embed/lib/rv32ecxw/ilp32e\libg_nano.a(lib_a-memset.o)
                0x0000000000000132                memset
 *(.text.*)
 .text._Z11MYGPIO_INIT6MYGPIO16GPIOMode_TypeDef
                0x00000000000001da       0x74 ./User/FastMatrix/FastMatrix.o
                0x00000000000001da                MYGPIO_INIT(MYGPIO, GPIOMode_TypeDef)
 .text._Z15MYGPIO_WriteBit6MYGPIO9BitAction
                0x000000000000024e       0x4a ./User/FastMatrix/FastMatrix.o
                0x000000000000024e                MYGPIO_WriteBit(MYGPIO, BitAction)
 .text._ZN10FastMatrix15calcInputBufferEv
                0x0000000000000298       0xda ./User/FastMatrix/FastMatrix.o
                0x0000000000000298                FastMatrix::calcInputBuffer()
 .text._ZN10FastMatrix11blackBufferEPA8_A8_A8_h
                0x0000000000000372       0x16 ./User/FastMatrix/FastMatrix.o
                0x0000000000000372                FastMatrix::blackBuffer(unsigned char (*) [8][8][8])
 .text._ZN10FastMatrixC2EPA3_A8_A16_hPA8_A8_A8_hS7_
                0x0000000000000388       0xae ./User/FastMatrix/FastMatrix.o
                0x0000000000000388                FastMatrix::FastMatrix(unsigned char (*) [3][8][16], unsigned char (*) [8][8][8], unsigned char (*) [8][8][8])
                0x0000000000000388                FastMatrix::FastMatrix(unsigned char (*) [3][8][16], unsigned char (*) [8][8][8], unsigned char (*) [8][8][8])
 .text._ZN10FastMatrix8newImageEv
                0x0000000000000436       0x12 ./User/FastMatrix/FastMatrix.o
                0x0000000000000436                FastMatrix::newImage()
 .text.NMI_Handler
                0x0000000000000448        0x4 ./User/ch32v00x_it.o
                0x0000000000000448                NMI_Handler
 .text.HardFault_Handler
                0x000000000000044c        0x2 ./User/ch32v00x_it.o
                0x000000000000044c                HardFault_Handler
 .text._Z15GPIO_Clock_Initv
                0x000000000000044e        0xe ./User/main.o
                0x000000000000044e                GPIO_Clock_Init()
 .text._Z11DMA_Rx_InitP19DMA_Channel_TypeDefmmt
                0x000000000000045c       0x5c ./User/main.o
                0x000000000000045c                DMA_Rx_Init(DMA_Channel_TypeDef*, unsigned long, unsigned long, unsigned short)
 .text._Z14SPI_Slave_Initv
                0x00000000000004b8       0x78 ./User/main.o
                0x00000000000004b8                SPI_Slave_Init()
 .text.startup.main
                0x0000000000000530       0x64 ./User/main.o
                0x0000000000000530                main
 .text.startup._GLOBAL__sub_I_inputImage
                0x0000000000000594       0x18 ./User/main.o
 .text.SystemInit
                0x00000000000005ac       0xfe ./User/system_ch32v00x.o
                0x00000000000005ac                SystemInit
 .text.vector_handler
                0x00000000000006aa       0x36 ./Startup/startup_ch32v00x.o
                0x00000000000006ae                SysTick_Handler
                0x00000000000006b0                SW_Handler
                0x00000000000006b2                WWDG_IRQHandler
                0x00000000000006b4                PVD_IRQHandler
                0x00000000000006b6                FLASH_IRQHandler
                0x00000000000006b8                RCC_IRQHandler
                0x00000000000006ba                EXTI7_0_IRQHandler
                0x00000000000006bc                AWU_IRQHandler
                0x00000000000006be                DMA1_Channel1_IRQHandler
                0x00000000000006c0                DMA1_Channel2_IRQHandler
                0x00000000000006c2                DMA1_Channel3_IRQHandler
                0x00000000000006c4                DMA1_Channel4_IRQHandler
                0x00000000000006c6                DMA1_Channel5_IRQHandler
                0x00000000000006c8                DMA1_Channel6_IRQHandler
                0x00000000000006ca                DMA1_Channel7_IRQHandler
                0x00000000000006cc                ADC1_IRQHandler
                0x00000000000006ce                I2C1_EV_IRQHandler
                0x00000000000006d0                I2C1_ER_IRQHandler
                0x00000000000006d2                USART1_IRQHandler
                0x00000000000006d4                SPI1_IRQHandler
                0x00000000000006d6                TIM1_BRK_IRQHandler
                0x00000000000006d8                TIM1_UP_IRQHandler
                0x00000000000006da                TIM1_TRG_COM_IRQHandler
                0x00000000000006dc                TIM1_CC_IRQHandler
                0x00000000000006de                TIM2_IRQHandler
 .text.handle_reset
                0x00000000000006e0       0x88 ./Startup/startup_ch32v00x.o
                0x00000000000006e0                handle_reset
 .text.DMA_DeInit
                0x0000000000000768       0x92 ./Peripheral/src/ch32v00x_dma.o
                0x0000000000000768                DMA_DeInit
 .text.DMA_Init
                0x00000000000007fa       0x38 ./Peripheral/src/ch32v00x_dma.o
                0x00000000000007fa                DMA_Init
 .text.DMA_Cmd  0x0000000000000832       0x14 ./Peripheral/src/ch32v00x_dma.o
                0x0000000000000832                DMA_Cmd
 .text.DMA_GetFlagStatus
                0x0000000000000846        0xe ./Peripheral/src/ch32v00x_dma.o
                0x0000000000000846                DMA_GetFlagStatus
 .text.DMA_ClearFlag
                0x0000000000000854        0x8 ./Peripheral/src/ch32v00x_dma.o
                0x0000000000000854                DMA_ClearFlag
 .text.GPIO_Init
                0x000000000000085c       0xd6 ./Peripheral/src/ch32v00x_gpio.o
                0x000000000000085c                GPIO_Init
 .text.GPIO_WriteBit
                0x0000000000000932        0xa ./Peripheral/src/ch32v00x_gpio.o
                0x0000000000000932                GPIO_WriteBit
 .text.RCC_GetClocksFreq
                0x000000000000093c       0x9c ./Peripheral/src/ch32v00x_rcc.o
                0x000000000000093c                RCC_GetClocksFreq
 .text.RCC_AHBPeriphClockCmd
                0x00000000000009d8       0x1e ./Peripheral/src/ch32v00x_rcc.o
                0x00000000000009d8                RCC_AHBPeriphClockCmd
 .text.RCC_APB2PeriphClockCmd
                0x00000000000009f6       0x1e ./Peripheral/src/ch32v00x_rcc.o
                0x00000000000009f6                RCC_APB2PeriphClockCmd
 .text.SPI_Init
                0x0000000000000a14       0x32 ./Peripheral/src/ch32v00x_spi.o
                0x0000000000000a14                SPI_Init
 .text.SPI_Cmd  0x0000000000000a46       0x1a ./Peripheral/src/ch32v00x_spi.o
                0x0000000000000a46                SPI_Cmd
 .text.SPI_I2S_DMACmd
                0x0000000000000a60       0x12 ./Peripheral/src/ch32v00x_spi.o
                0x0000000000000a60                SPI_I2S_DMACmd
 .text.USART_Init
                0x0000000000000a72       0xcc ./Peripheral/src/ch32v00x_usart.o
                0x0000000000000a72                USART_Init
 .text.USART_Cmd
                0x0000000000000b3e       0x16 ./Peripheral/src/ch32v00x_usart.o
                0x0000000000000b3e                USART_Cmd
 .text.USART_SendData
                0x0000000000000b54        0x8 ./Peripheral/src/ch32v00x_usart.o
                0x0000000000000b54                USART_SendData
 .text.USART_GetFlagStatus
                0x0000000000000b5c        0xa ./Peripheral/src/ch32v00x_usart.o
                0x0000000000000b5c                USART_GetFlagStatus
 .text.USART_Printf_Init
                0x0000000000000b66       0x54 ./Debug/debug.o
                0x0000000000000b66                USART_Printf_Init
 .text._write   0x0000000000000bba       0x4c ./Debug/debug.o
                0x0000000000000bba                _write
 .text._sbrk    0x0000000000000c06       0x26 ./Debug/debug.o
                0x0000000000000c06                _sbrk
 .text._fini    0x0000000000000c2c        0x2 ./Debug/debug.o
                0x0000000000000c2c                _fini
 .text._init    0x0000000000000c2e        0x2 ./Debug/debug.o
                0x0000000000000c2e                _init
 .text.atexit   0x0000000000000c30        0xa c:/users/mika/programmieren/mounriver/mounriver_studio/toolchain/risc-v embedded gcc/bin/../lib/gcc/riscv-none-embed/8.2.0/../../../../riscv-none-embed/lib/rv32ecxw/ilp32e\libg_nano.a(lib_a-atexit.o)
                0x0000000000000c30                atexit
 .text.__libc_fini_array
                0x0000000000000c3a       0x38 c:/users/mika/programmieren/mounriver/mounriver_studio/toolchain/risc-v embedded gcc/bin/../lib/gcc/riscv-none-embed/8.2.0/../../../../riscv-none-embed/lib/rv32ecxw/ilp32e\libg_nano.a(lib_a-fini.o)
                0x0000000000000c3a                __libc_fini_array
 .text.__libc_init_array
                0x0000000000000c72       0x74 c:/users/mika/programmieren/mounriver/mounriver_studio/toolchain/risc-v embedded gcc/bin/../lib/gcc/riscv-none-embed/8.2.0/../../../../riscv-none-embed/lib/rv32ecxw/ilp32e\libg_nano.a(lib_a-init.o)
                0x0000000000000c72                __libc_init_array
 .text.printf   0x0000000000000ce6       0x44 c:/users/mika/programmieren/mounriver/mounriver_studio/toolchain/risc-v embedded gcc/bin/../lib/gcc/riscv-none-embed/8.2.0/../../../../riscv-none-embed/lib/rv32ecxw/ilp32e\libg_nano.a(lib_a-printf.o)
                0x0000000000000ce6                iprintf
                0x0000000000000ce6                printf
 .text._puts_r  0x0000000000000d2a       0xca c:/users/mika/programmieren/mounriver/mounriver_studio/toolchain/risc-v embedded gcc/bin/../lib/gcc/riscv-none-embed/8.2.0/../../../../riscv-none-embed/lib/rv32ecxw/ilp32e\libg_nano.a(lib_a-puts.o)
                0x0000000000000d2a                _puts_r
 .text.puts     0x0000000000000df4        0xe c:/users/mika/programmieren/mounriver/mounriver_studio/toolchain/risc-v embedded gcc/bin/../lib/gcc/riscv-none-embed/8.2.0/../../../../riscv-none-embed/lib/rv32ecxw/ilp32e\libg_nano.a(lib_a-puts.o)
                0x0000000000000df4                puts
 .text.__swbuf_r
                0x0000000000000e02       0xc2 c:/users/mika/programmieren/mounriver/mounriver_studio/toolchain/risc-v embedded gcc/bin/../lib/gcc/riscv-none-embed/8.2.0/../../../../riscv-none-embed/lib/rv32ecxw/ilp32e\libg_nano.a(lib_a-wbuf.o)
                0x0000000000000e02                __swbuf_r
 .text.__swsetup_r
                0x0000000000000ec4      0x102 c:/users/mika/programmieren/mounriver/mounriver_studio/toolchain/risc-v embedded gcc/bin/../lib/gcc/riscv-none-embed/8.2.0/../../../../riscv-none-embed/lib/rv32ecxw/ilp32e\libg_nano.a(lib_a-wsetup.o)
                0x0000000000000ec4                __swsetup_r
 .text.__register_exitproc
                0x0000000000000fc6       0x82 c:/users/mika/programmieren/mounriver/mounriver_studio/toolchain/risc-v embedded gcc/bin/../lib/gcc/riscv-none-embed/8.2.0/../../../../riscv-none-embed/lib/rv32ecxw/ilp32e\libg_nano.a(lib_a-__atexit.o)
                0x0000000000000fc6                __register_exitproc
 .text.startup.register_fini
                0x0000000000001048       0x16 c:/users/mika/programmieren/mounriver/mounriver_studio/toolchain/risc-v embedded gcc/bin/../lib/gcc/riscv-none-embed/8.2.0/../../../../riscv-none-embed/lib/rv32ecxw/ilp32e\libg_nano.a(lib_a-__call_atexit.o)
 .text.__sflush_r
                0x000000000000105e      0x128 c:/users/mika/programmieren/mounriver/mounriver_studio/toolchain/risc-v embedded gcc/bin/../lib/gcc/riscv-none-embed/8.2.0/../../../../riscv-none-embed/lib/rv32ecxw/ilp32e\libg_nano.a(lib_a-fflush.o)
                0x000000000000105e                __sflush_r
 .text._fflush_r
                0x0000000000001186       0x64 c:/users/mika/programmieren/mounriver/mounriver_studio/toolchain/risc-v embedded gcc/bin/../lib/gcc/riscv-none-embed/8.2.0/../../../../riscv-none-embed/lib/rv32ecxw/ilp32e\libg_nano.a(lib_a-fflush.o)
                0x0000000000001186                _fflush_r
 .text.std      0x00000000000011ea       0x66 c:/users/mika/programmieren/mounriver/mounriver_studio/toolchain/risc-v embedded gcc/bin/../lib/gcc/riscv-none-embed/8.2.0/../../../../riscv-none-embed/lib/rv32ecxw/ilp32e\libg_nano.a(lib_a-findfp.o)
 .text._cleanup_r
                0x0000000000001250        0xa c:/users/mika/programmieren/mounriver/mounriver_studio/toolchain/risc-v embedded gcc/bin/../lib/gcc/riscv-none-embed/8.2.0/../../../../riscv-none-embed/lib/rv32ecxw/ilp32e\libg_nano.a(lib_a-findfp.o)
                0x0000000000001250                _cleanup_r
 .text.__sfmoreglue
                0x000000000000125a       0x48 c:/users/mika/programmieren/mounriver/mounriver_studio/toolchain/risc-v embedded gcc/bin/../lib/gcc/riscv-none-embed/8.2.0/../../../../riscv-none-embed/lib/rv32ecxw/ilp32e\libg_nano.a(lib_a-findfp.o)
                0x000000000000125a                __sfmoreglue
 .text.__sinit  0x00000000000012a2       0x6a c:/users/mika/programmieren/mounriver/mounriver_studio/toolchain/risc-v embedded gcc/bin/../lib/gcc/riscv-none-embed/8.2.0/../../../../riscv-none-embed/lib/rv32ecxw/ilp32e\libg_nano.a(lib_a-findfp.o)
                0x00000000000012a2                __sinit
 .text.__sfp    0x000000000000130c       0x9e c:/users/mika/programmieren/mounriver/mounriver_studio/toolchain/risc-v embedded gcc/bin/../lib/gcc/riscv-none-embed/8.2.0/../../../../riscv-none-embed/lib/rv32ecxw/ilp32e\libg_nano.a(lib_a-findfp.o)
                0x000000000000130c                __sfp
 .text._fwalk_reent
                0x00000000000013aa       0x5e c:/users/mika/programmieren/mounriver/mounriver_studio/toolchain/risc-v embedded gcc/bin/../lib/gcc/riscv-none-embed/8.2.0/../../../../riscv-none-embed/lib/rv32ecxw/ilp32e\libg_nano.a(lib_a-fwalk.o)
                0x00000000000013aa                _fwalk_reent
 .text.__swhatbuf_r
                0x0000000000001408       0x62 c:/users/mika/programmieren/mounriver/mounriver_studio/toolchain/risc-v embedded gcc/bin/../lib/gcc/riscv-none-embed/8.2.0/../../../../riscv-none-embed/lib/rv32ecxw/ilp32e\libg_nano.a(lib_a-makebuf.o)
                0x0000000000001408                __swhatbuf_r
 .text.__smakebuf_r
                0x000000000000146a       0x8c c:/users/mika/programmieren/mounriver/mounriver_studio/toolchain/risc-v embedded gcc/bin/../lib/gcc/riscv-none-embed/8.2.0/../../../../riscv-none-embed/lib/rv32ecxw/ilp32e\libg_nano.a(lib_a-makebuf.o)
                0x000000000000146a                __smakebuf_r
 .text._free_r  0x00000000000014f6       0xa8 c:/users/mika/programmieren/mounriver/mounriver_studio/toolchain/risc-v embedded gcc/bin/../lib/gcc/riscv-none-embed/8.2.0/../../../../riscv-none-embed/lib/rv32ecxw/ilp32e\libg_nano.a(lib_a-nano-freer.o)
                0x00000000000014f6                _free_r
 .text._malloc_r
                0x000000000000159e       0xda c:/users/mika/programmieren/mounriver/mounriver_studio/toolchain/risc-v embedded gcc/bin/../lib/gcc/riscv-none-embed/8.2.0/../../../../riscv-none-embed/lib/rv32ecxw/ilp32e\libg_nano.a(lib_a-nano-mallocr.o)
                0x000000000000159e                _malloc_r
 .text.__sfputc_r
                0x0000000000001678       0x28 c:/users/mika/programmieren/mounriver/mounriver_studio/toolchain/risc-v embedded gcc/bin/../lib/gcc/riscv-none-embed/8.2.0/../../../../riscv-none-embed/lib/rv32ecxw/ilp32e\libg_nano.a(lib_a-nano-vfprintf.o)
 .text.__sfputs_r
                0x00000000000016a0       0x3c c:/users/mika/programmieren/mounriver/mounriver_studio/toolchain/risc-v embedded gcc/bin/../lib/gcc/riscv-none-embed/8.2.0/../../../../riscv-none-embed/lib/rv32ecxw/ilp32e\libg_nano.a(lib_a-nano-vfprintf.o)
                0x00000000000016a0                __sfputs_r
 .text._vfprintf_r
                0x00000000000016dc      0x2a6 c:/users/mika/programmieren/mounriver/mounriver_studio/toolchain/risc-v embedded gcc/bin/../lib/gcc/riscv-none-embed/8.2.0/../../../../riscv-none-embed/lib/rv32ecxw/ilp32e\libg_nano.a(lib_a-nano-vfprintf.o)
                0x00000000000016dc                _vfprintf_r
                0x00000000000016dc                _vfiprintf_r
 .text._printf_common
                0x0000000000001982      0x12c c:/users/mika/programmieren/mounriver/mounriver_studio/toolchain/risc-v embedded gcc/bin/../lib/gcc/riscv-none-embed/8.2.0/../../../../riscv-none-embed/lib/rv32ecxw/ilp32e\libg_nano.a(lib_a-nano-vfprintf_i.o)
                0x0000000000001982                _printf_common
 .text._printf_i
                0x0000000000001aae      0x2b8 c:/users/mika/programmieren/mounriver/mounriver_studio/toolchain/risc-v embedded gcc/bin/../lib/gcc/riscv-none-embed/8.2.0/../../../../riscv-none-embed/lib/rv32ecxw/ilp32e\libg_nano.a(lib_a-nano-vfprintf_i.o)
                0x0000000000001aae                _printf_i
 .text._sbrk_r  0x0000000000001d66       0x2a c:/users/mika/programmieren/mounriver/mounriver_studio/toolchain/risc-v embedded gcc/bin/../lib/gcc/riscv-none-embed/8.2.0/../../../../riscv-none-embed/lib/rv32ecxw/ilp32e\libg_nano.a(lib_a-sbrkr.o)
                0x0000000000001d66                _sbrk_r
 .text.__sread  0x0000000000001d90       0x2c c:/users/mika/programmieren/mounriver/mounriver_studio/toolchain/risc-v embedded gcc/bin/../lib/gcc/riscv-none-embed/8.2.0/../../../../riscv-none-embed/lib/rv32ecxw/ilp32e\libg_nano.a(lib_a-stdio.o)
                0x0000000000001d90                __sread
 .text.__swrite
                0x0000000000001dbc       0x48 c:/users/mika/programmieren/mounriver/mounriver_studio/toolchain/risc-v embedded gcc/bin/../lib/gcc/riscv-none-embed/8.2.0/../../../../riscv-none-embed/lib/rv32ecxw/ilp32e\libg_nano.a(lib_a-stdio.o)
                0x0000000000001dbc                __swrite
 .text.__sseek  0x0000000000001e04       0x30 c:/users/mika/programmieren/mounriver/mounriver_studio/toolchain/risc-v embedded gcc/bin/../lib/gcc/riscv-none-embed/8.2.0/../../../../riscv-none-embed/lib/rv32ecxw/ilp32e\libg_nano.a(lib_a-stdio.o)
                0x0000000000001e04                __sseek
 .text.__sclose
                0x0000000000001e34        0x6 c:/users/mika/programmieren/mounriver/mounriver_studio/toolchain/risc-v embedded gcc/bin/../lib/gcc/riscv-none-embed/8.2.0/../../../../riscv-none-embed/lib/rv32ecxw/ilp32e\libg_nano.a(lib_a-stdio.o)
                0x0000000000001e34                __sclose
 .text._write_r
                0x0000000000001e3a       0x2e c:/users/mika/programmieren/mounriver/mounriver_studio/toolchain/risc-v embedded gcc/bin/../lib/gcc/riscv-none-embed/8.2.0/../../../../riscv-none-embed/lib/rv32ecxw/ilp32e\libg_nano.a(lib_a-writer.o)
                0x0000000000001e3a                _write_r
 .text._close_r
                0x0000000000001e68       0x28 c:/users/mika/programmieren/mounriver/mounriver_studio/toolchain/risc-v embedded gcc/bin/../lib/gcc/riscv-none-embed/8.2.0/../../../../riscv-none-embed/lib/rv32ecxw/ilp32e\libg_nano.a(lib_a-closer.o)
                0x0000000000001e68                _close_r
 .text._fstat_r
                0x0000000000001e90       0x2a c:/users/mika/programmieren/mounriver/mounriver_studio/toolchain/risc-v embedded gcc/bin/../lib/gcc/riscv-none-embed/8.2.0/../../../../riscv-none-embed/lib/rv32ecxw/ilp32e\libg_nano.a(lib_a-fstatr.o)
                0x0000000000001e90                _fstat_r
 .text._isatty_r
                0x0000000000001eba       0x28 c:/users/mika/programmieren/mounriver/mounriver_studio/toolchain/risc-v embedded gcc/bin/../lib/gcc/riscv-none-embed/8.2.0/../../../../riscv-none-embed/lib/rv32ecxw/ilp32e\libg_nano.a(lib_a-isattyr.o)
                0x0000000000001eba                _isatty_r
 .text._lseek_r
                0x0000000000001ee2       0x2c c:/users/mika/programmieren/mounriver/mounriver_studio/toolchain/risc-v embedded gcc/bin/../lib/gcc/riscv-none-embed/8.2.0/../../../../riscv-none-embed/lib/rv32ecxw/ilp32e\libg_nano.a(lib_a-lseekr.o)
                0x0000000000001ee2                _lseek_r
 .text.memchr   0x0000000000001f0e       0x18 c:/users/mika/programmieren/mounriver/mounriver_studio/toolchain/risc-v embedded gcc/bin/../lib/gcc/riscv-none-embed/8.2.0/../../../../riscv-none-embed/lib/rv32ecxw/ilp32e\libg_nano.a(lib_a-memchr.o)
                0x0000000000001f0e                memchr
 .text.__malloc_lock
                0x0000000000001f26        0x2 c:/users/mika/programmieren/mounriver/mounriver_studio/toolchain/risc-v embedded gcc/bin/../lib/gcc/riscv-none-embed/8.2.0/../../../../riscv-none-embed/lib/rv32ecxw/ilp32e\libg_nano.a(lib_a-mlock.o)
                0x0000000000001f26                __malloc_lock
 .text.__malloc_unlock
                0x0000000000001f28        0x2 c:/users/mika/programmieren/mounriver/mounriver_studio/toolchain/risc-v embedded gcc/bin/../lib/gcc/riscv-none-embed/8.2.0/../../../../riscv-none-embed/lib/rv32ecxw/ilp32e\libg_nano.a(lib_a-mlock.o)
                0x0000000000001f28                __malloc_unlock
 .text._read_r  0x0000000000001f2a       0x2c c:/users/mika/programmieren/mounriver/mounriver_studio/toolchain/risc-v embedded gcc/bin/../lib/gcc/riscv-none-embed/8.2.0/../../../../riscv-none-embed/lib/rv32ecxw/ilp32e\libg_nano.a(lib_a-readr.o)
                0x0000000000001f2a                _read_r
 .text._close   0x0000000000001f56        0xc c:/users/mika/programmieren/mounriver/mounriver_studio/toolchain/risc-v embedded gcc/bin/../lib/gcc/riscv-none-embed/8.2.0/../../../../riscv-none-embed/lib/rv32ecxw/ilp32e\libnosys.a(close.o)
                0x0000000000001f56                _close
 .text._fstat   0x0000000000001f62        0xc c:/users/mika/programmieren/mounriver/mounriver_studio/toolchain/risc-v embedded gcc/bin/../lib/gcc/riscv-none-embed/8.2.0/../../../../riscv-none-embed/lib/rv32ecxw/ilp32e\libnosys.a(fstat.o)
                0x0000000000001f62                _fstat
 .text._isatty  0x0000000000001f6e        0xc c:/users/mika/programmieren/mounriver/mounriver_studio/toolchain/risc-v embedded gcc/bin/../lib/gcc/riscv-none-embed/8.2.0/../../../../riscv-none-embed/lib/rv32ecxw/ilp32e\libnosys.a(isatty.o)
                0x0000000000001f6e                _isatty
 .text._lseek   0x0000000000001f7a        0xc c:/users/mika/programmieren/mounriver/mounriver_studio/toolchain/risc-v embedded gcc/bin/../lib/gcc/riscv-none-embed/8.2.0/../../../../riscv-none-embed/lib/rv32ecxw/ilp32e\libnosys.a(lseek.o)
                0x0000000000001f7a                _lseek
 .text._read    0x0000000000001f86        0xc c:/users/mika/programmieren/mounriver/mounriver_studio/toolchain/risc-v embedded gcc/bin/../lib/gcc/riscv-none-embed/8.2.0/../../../../riscv-none-embed/lib/rv32ecxw/ilp32e\libnosys.a(read.o)
                0x0000000000001f86                _read
 *(.rodata)
 *(.rodata*)
 *fill*         0x0000000000001f92        0x2 
 .rodata.main.str1.4
                0x0000000000001f94       0x18 ./User/main.o
 .rodata.__sf_fake_stderr
                0x0000000000001fac       0x20 c:/users/mika/programmieren/mounriver/mounriver_studio/toolchain/risc-v embedded gcc/bin/../lib/gcc/riscv-none-embed/8.2.0/../../../../riscv-none-embed/lib/rv32ecxw/ilp32e\libg_nano.a(lib_a-findfp.o)
                0x0000000000001fac                __sf_fake_stderr
 .rodata.__sf_fake_stdin
                0x0000000000001fcc       0x20 c:/users/mika/programmieren/mounriver/mounriver_studio/toolchain/risc-v embedded gcc/bin/../lib/gcc/riscv-none-embed/8.2.0/../../../../riscv-none-embed/lib/rv32ecxw/ilp32e\libg_nano.a(lib_a-findfp.o)
                0x0000000000001fcc                __sf_fake_stdin
 .rodata.__sf_fake_stdout
                0x0000000000001fec       0x20 c:/users/mika/programmieren/mounriver/mounriver_studio/toolchain/risc-v embedded gcc/bin/../lib/gcc/riscv-none-embed/8.2.0/../../../../riscv-none-embed/lib/rv32ecxw/ilp32e\libg_nano.a(lib_a-findfp.o)
                0x0000000000001fec                __sf_fake_stdout
 .rodata._vfprintf_r.str1.4
                0x000000000000200c       0x13 c:/users/mika/programmieren/mounriver/mounriver_studio/toolchain/risc-v embedded gcc/bin/../lib/gcc/riscv-none-embed/8.2.0/../../../../riscv-none-embed/lib/rv32ecxw/ilp32e\libg_nano.a(lib_a-nano-vfprintf.o)
 *fill*         0x000000000000201f        0x1 
 .rodata._printf_i.str1.4
                0x0000000000002020       0x28 c:/users/mika/programmieren/mounriver/mounriver_studio/toolchain/risc-v embedded gcc/bin/../lib/gcc/riscv-none-embed/8.2.0/../../../../riscv-none-embed/lib/rv32ecxw/ilp32e\libg_nano.a(lib_a-nano-vfprintf_i.o)
                                         0x25 (size before relaxing)
 *(.gnu.linkonce.t.*)
                0x0000000000002048                . = ALIGN (0x4)

.rela.dyn       0x0000000000002048        0x0
 .rela.init     0x0000000000002048        0x0 ./User/FastMatrix/FastMatrix.o
 .rela.text.handle_reset
                0x0000000000002048        0x0 ./User/FastMatrix/FastMatrix.o
 .rela.text._sbrk
                0x0000000000002048        0x0 ./User/FastMatrix/FastMatrix.o
 .rela.data.curbrk.4059
                0x0000000000002048        0x0 ./User/FastMatrix/FastMatrix.o
 .rela.text.__libc_fini_array
                0x0000000000002048        0x0 ./User/FastMatrix/FastMatrix.o
 .rela.text.__libc_init_array
                0x0000000000002048        0x0 ./User/FastMatrix/FastMatrix.o
 .rela.text.__register_exitproc
                0x0000000000002048        0x0 ./User/FastMatrix/FastMatrix.o
 .rela.text.startup.register_fini
                0x0000000000002048        0x0 ./User/FastMatrix/FastMatrix.o
 .rela.text._vfprintf_r
                0x0000000000002048        0x0 ./User/FastMatrix/FastMatrix.o
 .rela.text._sbrk_r
                0x0000000000002048        0x0 ./User/FastMatrix/FastMatrix.o
 .rela.text._write_r
                0x0000000000002048        0x0 ./User/FastMatrix/FastMatrix.o
 .rela.text._close_r
                0x0000000000002048        0x0 ./User/FastMatrix/FastMatrix.o
 .rela.text._fstat_r
                0x0000000000002048        0x0 ./User/FastMatrix/FastMatrix.o
 .rela.text._isatty_r
                0x0000000000002048        0x0 ./User/FastMatrix/FastMatrix.o
 .rela.text._lseek_r
                0x0000000000002048        0x0 ./User/FastMatrix/FastMatrix.o
 .rela.text._read_r
                0x0000000000002048        0x0 ./User/FastMatrix/FastMatrix.o
 .rela.text._close
                0x0000000000002048        0x0 ./User/FastMatrix/FastMatrix.o
 .rela.text._fstat
                0x0000000000002048        0x0 ./User/FastMatrix/FastMatrix.o
 .rela.text._isatty
                0x0000000000002048        0x0 ./User/FastMatrix/FastMatrix.o
 .rela.text._lseek
                0x0000000000002048        0x0 ./User/FastMatrix/FastMatrix.o
 .rela.text._read
                0x0000000000002048        0x0 ./User/FastMatrix/FastMatrix.o

.fini           0x0000000000002048        0x0
 *(SORT_NONE(.fini))
                0x0000000000002048                . = ALIGN (0x4)
                [!provide]                        PROVIDE (_etext = .)
                [!provide]                        PROVIDE (_eitcm = .)

.preinit_array  0x0000000000002048        0x0
                0x0000000000002048                PROVIDE (__preinit_array_start = .)
 *(.preinit_array)
                0x0000000000002048                PROVIDE (__preinit_array_end = .)

.init_array     0x0000000000002048        0x8
                0x0000000000002048                PROVIDE (__init_array_start = .)
 *(SORT_BY_INIT_PRIORITY(.init_array.*) SORT_BY_INIT_PRIORITY(.ctors.*))
 .init_array.00000
                0x0000000000002048        0x4 c:/users/mika/programmieren/mounriver/mounriver_studio/toolchain/risc-v embedded gcc/bin/../lib/gcc/riscv-none-embed/8.2.0/../../../../riscv-none-embed/lib/rv32ecxw/ilp32e\libg_nano.a(lib_a-__call_atexit.o)
 *(.init_array EXCLUDE_FILE(*crtend?.o *crtend.o *crtbegin?.o *crtbegin.o) .ctors)
 .init_array    0x000000000000204c        0x4 ./User/main.o
                0x0000000000002050                PROVIDE (__init_array_end = .)

.fini_array     0x0000000000002050        0x0
                0x0000000000002050                PROVIDE (__fini_array_start = .)
 *(SORT_BY_INIT_PRIORITY(.fini_array.*) SORT_BY_INIT_PRIORITY(.dtors.*))
 *(.fini_array EXCLUDE_FILE(*crtend?.o *crtend.o *crtbegin?.o *crtbegin.o) .dtors)
                0x0000000000002050                PROVIDE (__fini_array_end = .)

.ctors
 *crtbegin.o(.ctors)
 *crtbegin?.o(.ctors)
 *(EXCLUDE_FILE(*crtend?.o *crtend.o) .ctors)
 *(SORT_BY_NAME(.ctors.*))
 *(.ctors)

.dtors
 *crtbegin.o(.dtors)
 *crtbegin?.o(.dtors)
 *(EXCLUDE_FILE(*crtend?.o *crtend.o) .dtors)
 *(SORT_BY_NAME(.dtors.*))
 *(.dtors)

.dalign         0x0000000020000000        0x0 load address 0x0000000000002050
                0x0000000020000000                . = ALIGN (0x4)
                0x0000000020000000                PROVIDE (_data_vma = .)

.dlalign        0x0000000000002050        0x0
                0x0000000000002050                . = ALIGN (0x4)
                0x0000000000002050                PROVIDE (_data_lma = .)

.data           0x0000000020000000       0x98 load address 0x0000000000002050
                0x0000000020000000                . = ALIGN (0x4)
 *(.gnu.linkonce.r.*)
 *(.data .data.*)
 .data.SystemCoreClock
                0x0000000020000000        0x4 ./User/system_ch32v00x.o
                0x0000000020000000                SystemCoreClock
 .data.ADCPrescTable
                0x0000000020000004       0x14 ./Peripheral/src/ch32v00x_rcc.o
 .data.APBAHBPrescTable
                0x0000000020000018       0x10 ./Peripheral/src/ch32v00x_rcc.o
 .data.curbrk.4059
                0x0000000020000028        0x4 ./Debug/debug.o
 .data.impure_data
                0x000000002000002c       0x60 c:/users/mika/programmieren/mounriver/mounriver_studio/toolchain/risc-v embedded gcc/bin/../lib/gcc/riscv-none-embed/8.2.0/../../../../riscv-none-embed/lib/rv32ecxw/ilp32e\libg_nano.a(lib_a-impure.o)
 *(.gnu.linkonce.d.*)
                0x0000000020000090                . = ALIGN (0x8)
 *fill*         0x000000002000008c        0x4 
                0x0000000020000890                PROVIDE (__global_pointer$ = (. + 0x800))
 *(.sdata .sdata.*)
 .sdata._impure_ptr
                0x0000000020000090        0x4 c:/users/mika/programmieren/mounriver/mounriver_studio/toolchain/risc-v embedded gcc/bin/../lib/gcc/riscv-none-embed/8.2.0/../../../../riscv-none-embed/lib/rv32ecxw/ilp32e\libg_nano.a(lib_a-impure.o)
                0x0000000020000090                _impure_ptr
 *(.sdata2*)
 .sdata2._global_impure_ptr
                0x0000000020000094        0x4 c:/users/mika/programmieren/mounriver/mounriver_studio/toolchain/risc-v embedded gcc/bin/../lib/gcc/riscv-none-embed/8.2.0/../../../../riscv-none-embed/lib/rv32ecxw/ilp32e\libg_nano.a(lib_a-impure.o)
                0x0000000020000094                _global_impure_ptr
 *(.gnu.linkonce.s.*)
                0x0000000020000098                . = ALIGN (0x8)
 *(.srodata.cst16)
 *(.srodata.cst8)
 *(.srodata.cst4)
 *(.srodata.cst2)
 *(.srodata .srodata.*)
                0x0000000020000098                . = ALIGN (0x4)
                0x0000000020000098                PROVIDE (_edata = .)

.bss            0x0000000020000098      0x62c load address 0x00000000000020e8
                0x0000000020000098                . = ALIGN (0x4)
                0x0000000020000098                PROVIDE (_sbss = .)
 *(.sbss*)
 .sbss._global_atexit
                0x0000000020000098        0x4 c:/users/mika/programmieren/mounriver/mounriver_studio/toolchain/risc-v embedded gcc/bin/../lib/gcc/riscv-none-embed/8.2.0/../../../../riscv-none-embed/lib/rv32ecxw/ilp32e\libg_nano.a(lib_a-__call_atexit.o)
                0x0000000020000098                _global_atexit
 .sbss.__malloc_free_list
                0x000000002000009c        0x4 c:/users/mika/programmieren/mounriver/mounriver_studio/toolchain/risc-v embedded gcc/bin/../lib/gcc/riscv-none-embed/8.2.0/../../../../riscv-none-embed/lib/rv32ecxw/ilp32e\libg_nano.a(lib_a-nano-mallocr.o)
                0x000000002000009c                __malloc_free_list
 .sbss.__malloc_sbrk_start
                0x00000000200000a0        0x4 c:/users/mika/programmieren/mounriver/mounriver_studio/toolchain/risc-v embedded gcc/bin/../lib/gcc/riscv-none-embed/8.2.0/../../../../riscv-none-embed/lib/rv32ecxw/ilp32e\libg_nano.a(lib_a-nano-mallocr.o)
                0x00000000200000a0                __malloc_sbrk_start
 *(.gnu.linkonce.sb.*)
 *(.bss*)
 .bss.buffer0   0x00000000200000a4      0x200 ./User/main.o
                0x00000000200000a4                buffer0
 .bss.buffer1   0x00000000200002a4      0x200 ./User/main.o
                0x00000000200002a4                buffer1
 .bss.inputImage
                0x00000000200004a4      0x180 ./User/main.o
                0x00000000200004a4                inputImage
 .bss.matrix    0x0000000020000624       0x10 ./User/main.o
                0x0000000020000624                matrix
 .bss._global_atexit0
                0x0000000020000634       0x8c c:/users/mika/programmieren/mounriver/mounriver_studio/toolchain/risc-v embedded gcc/bin/../lib/gcc/riscv-none-embed/8.2.0/../../../../riscv-none-embed/lib/rv32ecxw/ilp32e\libg_nano.a(lib_a-__atexit.o)
 *(.gnu.linkonce.b.*)
 *(COMMON*)
 COMMON         0x00000000200006c0        0x4 c:/users/mika/programmieren/mounriver/mounriver_studio/toolchain/risc-v embedded gcc/bin/../lib/gcc/riscv-none-embed/8.2.0/../../../../riscv-none-embed/lib/rv32ecxw/ilp32e\libg_nano.a(lib_a-reent.o)
                0x00000000200006c0                errno
                0x00000000200006c4                . = ALIGN (0x4)
                0x00000000200006c4                PROVIDE (_ebss = .)
                0x00000000200006c4                PROVIDE (_end = _ebss)
                [!provide]                        PROVIDE (end = .)

.stack          0x0000000020000700      0x100
                0x0000000020000700                PROVIDE (_heap_end = .)
                0x0000000020000700                . = ALIGN (0x4)
                [!provide]                        PROVIDE (_susrstack = .)
                0x0000000020000800                . = (. + __stack_size)
 *fill*         0x0000000020000700      0x100 
                0x0000000020000800                PROVIDE (_eusrstack = .)
OUTPUT(LED-Matrix.elf elf32-littleriscv)

.debug_info     0x0000000000000000     0x9e11
 .debug_info    0x0000000000000000     0x153d ./User/FastMatrix/FastMatrix.o
 .debug_info    0x000000000000153d      0x962 ./User/ch32v00x_it.o
 .debug_info    0x0000000000001e9f     0x1386 ./User/main.o
 .debug_info    0x0000000000003225      0xc00 ./User/system_ch32v00x.o
 .debug_info    0x0000000000003e25       0x22 ./Startup/startup_ch32v00x.o
 .debug_info    0x0000000000003e47      0xd15 ./Peripheral/src/ch32v00x_dma.o
 .debug_info    0x0000000000004b5c      0xf89 ./Peripheral/src/ch32v00x_gpio.o
 .debug_info    0x0000000000005ae5     0x1063 ./Peripheral/src/ch32v00x_rcc.o
 .debug_info    0x0000000000006b48     0x1060 ./Peripheral/src/ch32v00x_spi.o
 .debug_info    0x0000000000007ba8     0x1351 ./Peripheral/src/ch32v00x_usart.o
 .debug_info    0x0000000000008ef9      0xf18 ./Debug/debug.o

.debug_abbrev   0x0000000000000000     0x1ead
 .debug_abbrev  0x0000000000000000      0x437 ./User/FastMatrix/FastMatrix.o
 .debug_abbrev  0x0000000000000437      0x1cf ./User/ch32v00x_it.o
 .debug_abbrev  0x0000000000000606      0x365 ./User/main.o
 .debug_abbrev  0x000000000000096b      0x2af ./User/system_ch32v00x.o
 .debug_abbrev  0x0000000000000c1a       0x12 ./Startup/startup_ch32v00x.o
 .debug_abbrev  0x0000000000000c2c      0x2d3 ./Peripheral/src/ch32v00x_dma.o
 .debug_abbrev  0x0000000000000eff      0x2f8 ./Peripheral/src/ch32v00x_gpio.o
 .debug_abbrev  0x00000000000011f7      0x36d ./Peripheral/src/ch32v00x_rcc.o
 .debug_abbrev  0x0000000000001564      0x303 ./Peripheral/src/ch32v00x_spi.o
 .debug_abbrev  0x0000000000001867      0x323 ./Peripheral/src/ch32v00x_usart.o
 .debug_abbrev  0x0000000000001b8a      0x323 ./Debug/debug.o

.debug_loc      0x0000000000000000     0x1f09
 .debug_loc     0x0000000000000000      0x3d0 ./User/FastMatrix/FastMatrix.o
 .debug_loc     0x00000000000003d0       0xb2 ./User/main.o
 .debug_loc     0x0000000000000482       0x55 ./User/system_ch32v00x.o
 .debug_loc     0x00000000000004d7      0x14a ./Peripheral/src/ch32v00x_dma.o
 .debug_loc     0x0000000000000621      0x670 ./Peripheral/src/ch32v00x_gpio.o
 .debug_loc     0x0000000000000c91      0x59f ./Peripheral/src/ch32v00x_rcc.o
 .debug_loc     0x0000000000001230      0x429 ./Peripheral/src/ch32v00x_spi.o
 .debug_loc     0x0000000000001659      0x735 ./Peripheral/src/ch32v00x_usart.o
 .debug_loc     0x0000000000001d8e      0x17b ./Debug/debug.o

.debug_aranges  0x0000000000000000      0x4f0
 .debug_aranges
                0x0000000000000000       0x50 ./User/FastMatrix/FastMatrix.o
 .debug_aranges
                0x0000000000000050       0x28 ./User/ch32v00x_it.o
 .debug_aranges
                0x0000000000000078       0x48 ./User/main.o
 .debug_aranges
                0x00000000000000c0       0x28 ./User/system_ch32v00x.o
 .debug_aranges
                0x00000000000000e8       0x30 ./Startup/startup_ch32v00x.o
 .debug_aranges
                0x0000000000000118       0x60 ./Peripheral/src/ch32v00x_dma.o
 .debug_aranges
                0x0000000000000178       0x90 ./Peripheral/src/ch32v00x_gpio.o
 .debug_aranges
                0x0000000000000208       0xe0 ./Peripheral/src/ch32v00x_rcc.o
 .debug_aranges
                0x00000000000002e8       0xb8 ./Peripheral/src/ch32v00x_spi.o
 .debug_aranges
                0x00000000000003a0      0x100 ./Peripheral/src/ch32v00x_usart.o
 .debug_aranges
                0x00000000000004a0       0x50 ./Debug/debug.o

.debug_ranges   0x0000000000000000      0x488
 .debug_ranges  0x0000000000000000       0x60 ./User/FastMatrix/FastMatrix.o
 .debug_ranges  0x0000000000000060       0x18 ./User/ch32v00x_it.o
 .debug_ranges  0x0000000000000078       0x38 ./User/main.o
 .debug_ranges  0x00000000000000b0       0x38 ./User/system_ch32v00x.o
 .debug_ranges  0x00000000000000e8       0x28 ./Startup/startup_ch32v00x.o
 .debug_ranges  0x0000000000000110       0x50 ./Peripheral/src/ch32v00x_dma.o
 .debug_ranges  0x0000000000000160       0x80 ./Peripheral/src/ch32v00x_gpio.o
 .debug_ranges  0x00000000000001e0       0xd0 ./Peripheral/src/ch32v00x_rcc.o
 .debug_ranges  0x00000000000002b0       0xa8 ./Peripheral/src/ch32v00x_spi.o
 .debug_ranges  0x0000000000000358       0xf0 ./Peripheral/src/ch32v00x_usart.o
 .debug_ranges  0x0000000000000448       0x40 ./Debug/debug.o

.debug_line     0x0000000000000000     0x63ea
 .debug_line    0x0000000000000000      0xd54 ./User/FastMatrix/FastMatrix.o
 .debug_line    0x0000000000000d54      0x27d ./User/ch32v00x_it.o
 .debug_line    0x0000000000000fd1      0x84c ./User/main.o
 .debug_line    0x000000000000181d      0x6cd ./User/system_ch32v00x.o
 .debug_line    0x0000000000001eea      0x1c0 ./Startup/startup_ch32v00x.o
 .debug_line    0x00000000000020aa      0x7fb ./Peripheral/src/ch32v00x_dma.o
 .debug_line    0x00000000000028a5      0xc25 ./Peripheral/src/ch32v00x_gpio.o
 .debug_line    0x00000000000034ca      0xdca ./Peripheral/src/ch32v00x_rcc.o
 .debug_line    0x0000000000004294      0xa34 ./Peripheral/src/ch32v00x_spi.o
 .debug_line    0x0000000000004cc8      0xf6c ./Peripheral/src/ch32v00x_usart.o
 .debug_line    0x0000000000005c34      0x7b6 ./Debug/debug.o

.debug_str      0x0000000000000000     0x1ddf
 .debug_str     0x0000000000000000      0xbd2 ./User/FastMatrix/FastMatrix.o
                                        0xd0f (size before relaxing)
 .debug_str     0x0000000000000bd2       0xea ./User/ch32v00x_it.o
                                        0x5bb (size before relaxing)
 .debug_str     0x0000000000000cbc      0x41c ./User/main.o
                                        0xd9d (size before relaxing)
 .debug_str     0x00000000000010d8      0x115 ./User/system_ch32v00x.o
                                        0x707 (size before relaxing)
 .debug_str     0x00000000000011ed       0x2a ./Startup/startup_ch32v00x.o
                                         0x69 (size before relaxing)
 .debug_str     0x0000000000001217      0x105 ./Peripheral/src/ch32v00x_dma.o
                                        0x7f8 (size before relaxing)
 .debug_str     0x000000000000131c      0x19d ./Peripheral/src/ch32v00x_gpio.o
                                        0x90f (size before relaxing)
 .debug_str     0x00000000000014b9      0x2bb ./Peripheral/src/ch32v00x_rcc.o
                                        0x9b6 (size before relaxing)
 .debug_str     0x0000000000001774      0x1db ./Peripheral/src/ch32v00x_spi.o
                                        0x93e (size before relaxing)
 .debug_str     0x000000000000194f      0x409 ./Peripheral/src/ch32v00x_usart.o
                                        0xb05 (size before relaxing)
 .debug_str     0x0000000000001d58       0x87 ./Debug/debug.o
                                        0x8fc (size before relaxing)

.comment        0x0000000000000000       0x33
 .comment       0x0000000000000000       0x33 ./User/FastMatrix/FastMatrix.o
                                         0x34 (size before relaxing)
 .comment       0x0000000000000033       0x34 ./User/ch32v00x_it.o
 .comment       0x0000000000000033       0x34 ./User/main.o
 .comment       0x0000000000000033       0x34 ./User/system_ch32v00x.o
 .comment       0x0000000000000033       0x34 ./Peripheral/src/ch32v00x_dma.o
 .comment       0x0000000000000033       0x34 ./Peripheral/src/ch32v00x_gpio.o
 .comment       0x0000000000000033       0x34 ./Peripheral/src/ch32v00x_rcc.o
 .comment       0x0000000000000033       0x34 ./Peripheral/src/ch32v00x_spi.o
 .comment       0x0000000000000033       0x34 ./Peripheral/src/ch32v00x_usart.o
 .comment       0x0000000000000033       0x34 ./Debug/debug.o

.debug_frame    0x0000000000000000     0x11b8
 .debug_frame   0x0000000000000000       0x30 ./User/ch32v00x_it.o
 .debug_frame   0x0000000000000030       0x4c ./User/system_ch32v00x.o
 .debug_frame   0x000000000000007c       0xcc ./Peripheral/src/ch32v00x_dma.o
 .debug_frame   0x0000000000000148      0x12c ./Peripheral/src/ch32v00x_gpio.o
 .debug_frame   0x0000000000000274      0x1c0 ./Peripheral/src/ch32v00x_rcc.o
 .debug_frame   0x0000000000000434      0x15c ./Peripheral/src/ch32v00x_spi.o
 .debug_frame   0x0000000000000590      0x204 ./Peripheral/src/ch32v00x_usart.o
 .debug_frame   0x0000000000000794       0xe8 ./Debug/debug.o
 .debug_frame   0x000000000000087c       0x20 c:/users/mika/programmieren/mounriver/mounriver_studio/toolchain/risc-v embedded gcc/bin/../lib/gcc/riscv-none-embed/8.2.0/../../../../riscv-none-embed/lib/rv32ecxw/ilp32e\libg_nano.a(lib_a-atexit.o)
 .debug_frame   0x000000000000089c       0x38 c:/users/mika/programmieren/mounriver/mounriver_studio/toolchain/risc-v embedded gcc/bin/../lib/gcc/riscv-none-embed/8.2.0/../../../../riscv-none-embed/lib/rv32ecxw/ilp32e\libg_nano.a(lib_a-fini.o)
 .debug_frame   0x00000000000008d4       0x38 c:/users/mika/programmieren/mounriver/mounriver_studio/toolchain/risc-v embedded gcc/bin/../lib/gcc/riscv-none-embed/8.2.0/../../../../riscv-none-embed/lib/rv32ecxw/ilp32e\libg_nano.a(lib_a-init.o)
 .debug_frame   0x000000000000090c       0x54 c:/users/mika/programmieren/mounriver/mounriver_studio/toolchain/risc-v embedded gcc/bin/../lib/gcc/riscv-none-embed/8.2.0/../../../../riscv-none-embed/lib/rv32ecxw/ilp32e\libg_nano.a(lib_a-printf.o)
 .debug_frame   0x0000000000000960       0x48 c:/users/mika/programmieren/mounriver/mounriver_studio/toolchain/risc-v embedded gcc/bin/../lib/gcc/riscv-none-embed/8.2.0/../../../../riscv-none-embed/lib/rv32ecxw/ilp32e\libg_nano.a(lib_a-puts.o)
 .debug_frame   0x00000000000009a8       0x48 c:/users/mika/programmieren/mounriver/mounriver_studio/toolchain/risc-v embedded gcc/bin/../lib/gcc/riscv-none-embed/8.2.0/../../../../riscv-none-embed/lib/rv32ecxw/ilp32e\libg_nano.a(lib_a-wbuf.o)
 .debug_frame   0x00000000000009f0       0x38 c:/users/mika/programmieren/mounriver/mounriver_studio/toolchain/risc-v embedded gcc/bin/../lib/gcc/riscv-none-embed/8.2.0/../../../../riscv-none-embed/lib/rv32ecxw/ilp32e\libg_nano.a(lib_a-wsetup.o)
 .debug_frame   0x0000000000000a28       0x20 c:/users/mika/programmieren/mounriver/mounriver_studio/toolchain/risc-v embedded gcc/bin/../lib/gcc/riscv-none-embed/8.2.0/../../../../riscv-none-embed/lib/rv32ecxw/ilp32e\libg_nano.a(lib_a-__atexit.o)
 .debug_frame   0x0000000000000a48       0x48 c:/users/mika/programmieren/mounriver/mounriver_studio/toolchain/risc-v embedded gcc/bin/../lib/gcc/riscv-none-embed/8.2.0/../../../../riscv-none-embed/lib/rv32ecxw/ilp32e\libg_nano.a(lib_a-__call_atexit.o)
 .debug_frame   0x0000000000000a90       0x74 c:/users/mika/programmieren/mounriver/mounriver_studio/toolchain/risc-v embedded gcc/bin/../lib/gcc/riscv-none-embed/8.2.0/../../../../riscv-none-embed/lib/rv32ecxw/ilp32e\libg_nano.a(lib_a-fflush.o)
 .debug_frame   0x0000000000000b04      0x13c c:/users/mika/programmieren/mounriver/mounriver_studio/toolchain/risc-v embedded gcc/bin/../lib/gcc/riscv-none-embed/8.2.0/../../../../riscv-none-embed/lib/rv32ecxw/ilp32e\libg_nano.a(lib_a-findfp.o)
 .debug_frame   0x0000000000000c40       0x60 c:/users/mika/programmieren/mounriver/mounriver_studio/toolchain/risc-v embedded gcc/bin/../lib/gcc/riscv-none-embed/8.2.0/../../../../riscv-none-embed/lib/rv32ecxw/ilp32e\libg_nano.a(lib_a-fwalk.o)
 .debug_frame   0x0000000000000ca0       0x5c c:/users/mika/programmieren/mounriver/mounriver_studio/toolchain/risc-v embedded gcc/bin/../lib/gcc/riscv-none-embed/8.2.0/../../../../riscv-none-embed/lib/rv32ecxw/ilp32e\libg_nano.a(lib_a-makebuf.o)
 .debug_frame   0x0000000000000cfc       0x40 c:/users/mika/programmieren/mounriver/mounriver_studio/toolchain/risc-v embedded gcc/bin/../lib/gcc/riscv-none-embed/8.2.0/../../../../riscv-none-embed/lib/rv32ecxw/ilp32e\libg_nano.a(lib_a-nano-freer.o)
 .debug_frame   0x0000000000000d3c       0x38 c:/users/mika/programmieren/mounriver/mounriver_studio/toolchain/risc-v embedded gcc/bin/../lib/gcc/riscv-none-embed/8.2.0/../../../../riscv-none-embed/lib/rv32ecxw/ilp32e\libg_nano.a(lib_a-nano-mallocr.o)
 .debug_frame   0x0000000000000d74       0xa4 c:/users/mika/programmieren/mounriver/mounriver_studio/toolchain/risc-v embedded gcc/bin/../lib/gcc/riscv-none-embed/8.2.0/../../../../riscv-none-embed/lib/rv32ecxw/ilp32e\libg_nano.a(lib_a-nano-vfprintf.o)
 .debug_frame   0x0000000000000e18       0x60 c:/users/mika/programmieren/mounriver/mounriver_studio/toolchain/risc-v embedded gcc/bin/../lib/gcc/riscv-none-embed/8.2.0/../../../../riscv-none-embed/lib/rv32ecxw/ilp32e\libg_nano.a(lib_a-nano-vfprintf_i.o)
 .debug_frame   0x0000000000000e78       0x30 c:/users/mika/programmieren/mounriver/mounriver_studio/toolchain/risc-v embedded gcc/bin/../lib/gcc/riscv-none-embed/8.2.0/../../../../riscv-none-embed/lib/rv32ecxw/ilp32e\libg_nano.a(lib_a-sbrkr.o)
 .debug_frame   0x0000000000000ea8       0x9c c:/users/mika/programmieren/mounriver/mounriver_studio/toolchain/risc-v embedded gcc/bin/../lib/gcc/riscv-none-embed/8.2.0/../../../../riscv-none-embed/lib/rv32ecxw/ilp32e\libg_nano.a(lib_a-stdio.o)
 .debug_frame   0x0000000000000f44       0x30 c:/users/mika/programmieren/mounriver/mounriver_studio/toolchain/risc-v embedded gcc/bin/../lib/gcc/riscv-none-embed/8.2.0/../../../../riscv-none-embed/lib/rv32ecxw/ilp32e\libg_nano.a(lib_a-writer.o)
 .debug_frame   0x0000000000000f74       0x30 c:/users/mika/programmieren/mounriver/mounriver_studio/toolchain/risc-v embedded gcc/bin/../lib/gcc/riscv-none-embed/8.2.0/../../../../riscv-none-embed/lib/rv32ecxw/ilp32e\libg_nano.a(lib_a-closer.o)
 .debug_frame   0x0000000000000fa4       0x30 c:/users/mika/programmieren/mounriver/mounriver_studio/toolchain/risc-v embedded gcc/bin/../lib/gcc/riscv-none-embed/8.2.0/../../../../riscv-none-embed/lib/rv32ecxw/ilp32e\libg_nano.a(lib_a-fstatr.o)
 .debug_frame   0x0000000000000fd4       0x30 c:/users/mika/programmieren/mounriver/mounriver_studio/toolchain/risc-v embedded gcc/bin/../lib/gcc/riscv-none-embed/8.2.0/../../../../riscv-none-embed/lib/rv32ecxw/ilp32e\libg_nano.a(lib_a-isattyr.o)
 .debug_frame   0x0000000000001004       0x30 c:/users/mika/programmieren/mounriver/mounriver_studio/toolchain/risc-v embedded gcc/bin/../lib/gcc/riscv-none-embed/8.2.0/../../../../riscv-none-embed/lib/rv32ecxw/ilp32e\libg_nano.a(lib_a-lseekr.o)
 .debug_frame   0x0000000000001034       0x20 c:/users/mika/programmieren/mounriver/mounriver_studio/toolchain/risc-v embedded gcc/bin/../lib/gcc/riscv-none-embed/8.2.0/../../../../riscv-none-embed/lib/rv32ecxw/ilp32e\libg_nano.a(lib_a-memchr.o)
 .debug_frame   0x0000000000001054       0x30 c:/users/mika/programmieren/mounriver/mounriver_studio/toolchain/risc-v embedded gcc/bin/../lib/gcc/riscv-none-embed/8.2.0/../../../../riscv-none-embed/lib/rv32ecxw/ilp32e\libg_nano.a(lib_a-mlock.o)
 .debug_frame   0x0000000000001084       0x30 c:/users/mika/programmieren/mounriver/mounriver_studio/toolchain/risc-v embedded gcc/bin/../lib/gcc/riscv-none-embed/8.2.0/../../../../riscv-none-embed/lib/rv32ecxw/ilp32e\libg_nano.a(lib_a-readr.o)
 .debug_frame   0x00000000000010b4       0x64 c:/users/mika/programmieren/mounriver/mounriver_studio/toolchain/risc-v embedded gcc/bin/../lib/gcc/riscv-none-embed/8.2.0/../../../../riscv-none-embed/lib/rv32ecxw/ilp32e\libg_nano.a(lib_a-reent.o)
 .debug_frame   0x0000000000001118       0x20 c:/users/mika/programmieren/mounriver/mounriver_studio/toolchain/risc-v embedded gcc/bin/../lib/gcc/riscv-none-embed/8.2.0/../../../../riscv-none-embed/lib/rv32ecxw/ilp32e\libnosys.a(close.o)
 .debug_frame   0x0000000000001138       0x20 c:/users/mika/programmieren/mounriver/mounriver_studio/toolchain/risc-v embedded gcc/bin/../lib/gcc/riscv-none-embed/8.2.0/../../../../riscv-none-embed/lib/rv32ecxw/ilp32e\libnosys.a(fstat.o)
 .debug_frame   0x0000000000001158       0x20 c:/users/mika/programmieren/mounriver/mounriver_studio/toolchain/risc-v embedded gcc/bin/../lib/gcc/riscv-none-embed/8.2.0/../../../../riscv-none-embed/lib/rv32ecxw/ilp32e\libnosys.a(isatty.o)
 .debug_frame   0x0000000000001178       0x20 c:/users/mika/programmieren/mounriver/mounriver_studio/toolchain/risc-v embedded gcc/bin/../lib/gcc/riscv-none-embed/8.2.0/../../../../riscv-none-embed/lib/rv32ecxw/ilp32e\libnosys.a(lseek.o)
 .debug_frame   0x0000000000001198       0x20 c:/users/mika/programmieren/mounriver/mounriver_studio/toolchain/risc-v embedded gcc/bin/../lib/gcc/riscv-none-embed/8.2.0/../../../../riscv-none-embed/lib/rv32ecxw/ilp32e\libnosys.a(read.o)

.stab           0x0000000000000000       0x84
 .stab          0x0000000000000000       0x24 c:/users/mika/programmieren/mounriver/mounriver_studio/toolchain/risc-v embedded gcc/bin/../lib/gcc/riscv-none-embed/8.2.0/../../../../riscv-none-embed/lib/rv32ecxw/ilp32e\libnosys.a(close.o)
 .stab          0x0000000000000024       0x18 c:/users/mika/programmieren/mounriver/mounriver_studio/toolchain/risc-v embedded gcc/bin/../lib/gcc/riscv-none-embed/8.2.0/../../../../riscv-none-embed/lib/rv32ecxw/ilp32e\libnosys.a(fstat.o)
                                         0x24 (size before relaxing)
 .stab          0x000000000000003c       0x18 c:/users/mika/programmieren/mounriver/mounriver_studio/toolchain/risc-v embedded gcc/bin/../lib/gcc/riscv-none-embed/8.2.0/../../../../riscv-none-embed/lib/rv32ecxw/ilp32e\libnosys.a(isatty.o)
                                         0x24 (size before relaxing)
 .stab          0x0000000000000054       0x18 c:/users/mika/programmieren/mounriver/mounriver_studio/toolchain/risc-v embedded gcc/bin/../lib/gcc/riscv-none-embed/8.2.0/../../../../riscv-none-embed/lib/rv32ecxw/ilp32e\libnosys.a(lseek.o)
                                         0x24 (size before relaxing)
 .stab          0x000000000000006c       0x18 c:/users/mika/programmieren/mounriver/mounriver_studio/toolchain/risc-v embedded gcc/bin/../lib/gcc/riscv-none-embed/8.2.0/../../../../riscv-none-embed/lib/rv32ecxw/ilp32e\libnosys.a(read.o)
                                         0x24 (size before relaxing)

.stabstr        0x0000000000000000      0x117
 .stabstr       0x0000000000000000      0x117 c:/users/mika/programmieren/mounriver/mounriver_studio/toolchain/risc-v embedded gcc/bin/../lib/gcc/riscv-none-embed/8.2.0/../../../../riscv-none-embed/lib/rv32ecxw/ilp32e\libnosys.a(close.o)
